<html>
<body>
<pre>
<h1>µVision Build Log</h1>
<h2>Project:</h2>
C:\Users\Ian\Documents\GitHub\Lab1\Lab 1.uvproj
Project File Date:  10/04/2013

<h2>Output:</h2>
Rebuild target 'Lab 1'
assembling startup_stm32f40xx.s...
compiling C_TEA.c...
compiling C_WRAPPER.c...
assembling ASM_TEA.s...
assembling ASM_WRAPPER.s...
assembling DATA_SEGMENT.s...
linking...
.\Lab 1.axf: Error: L6218E: Undefined symbol main (referred from startup_stm32f40xx.o).
".\Lab 1.axf" - 1 Errors, 0 Warning(s).
Target not created
Rebuild target 'Lab 1'
assembling startup_stm32f40xx.s...
startup_stm32f40xx.s(182): error: A1516E: Bad symbol '__main', not defined or external
compiling C_TEA.c...
compiling C_WRAPPER.c...
assembling ASM_TEA.s...
assembling ASM_WRAPPER.s...
assembling DATA_SEGMENT.s...
".\Lab 1.axf" - 1 Errors, 0 Warning(s).
Target not created
Rebuild target 'Lab 1'
assembling startup_stm32f40xx.s...
startup_stm32f40xx.s(182): error: A1516E: Bad symbol '__main', not defined or external
compiling C_TEA.c...
compiling C_WRAPPER.c...
assembling ASM_TEA.s...
assembling ASM_WRAPPER.s...
assembling DATA_SEGMENT.s...
".\Lab 1.axf" - 1 Errors, 0 Warning(s).
Target not created
Rebuild target 'Lab 1'
assembling startup_stm32f40xx.s...
startup_stm32f40xx.s(182): error: A1516E: Bad symbol '__main', not defined or external
compiling C_TEA.c...
compiling C_WRAPPER.c...
assembling ASM_TEA.s...
assembling ASM_WRAPPER.s...
assembling DATA_SEGMENT.s...
".\Lab 1.axf" - 1 Errors, 0 Warning(s).
Target not created
Rebuild target 'Lab 1'
assembling startup_stm32f40xx.s...
compiling C_TEA.c...
compiling C_WRAPPER.c...
assembling ASM_TEA.s...
assembling ASM_WRAPPER.s...
assembling DATA_SEGMENT.s...
linking...
Program Size: Code=1392 RO-data=668 RW-data=1040 ZI-data=1632  
".\Lab 1.axf" - 0 Errors, 0 Warning(s).
Rebuild target 'Lab 1'
assembling startup_stm32f40xx.s...
compiling C_TEA.c...
compiling C_WRAPPER.c...
assembling ASM_TEA.s...
assembling ASM_WRAPPER.s...
assembling DATA_SEGMENT.s...
linking...
Program Size: Code=1392 RO-data=668 RW-data=1040 ZI-data=1632  
".\Lab 1.axf" - 0 Errors, 0 Warning(s).
Rebuild target 'Lab 1'
assembling startup_stm32f40xx.s...
compiling C_TEA.c...
compiling C_WRAPPER.c...
assembling ASM_TEA.s...
assembling ASM_WRAPPER.s...
assembling DATA_SEGMENT.s...
linking...
Program Size: Code=1392 RO-data=668 RW-data=1040 ZI-data=1632  
".\Lab 1.axf" - 0 Errors, 0 Warning(s).
Rebuild target 'Lab 1'
assembling startup_stm32f40xx.s...
compiling C_TEA.c...
compiling C_WRAPPER.c...
C_WRAPPER.c(28): warning:  #223-D: function "strncpy" declared implicitly
assembling ASM_TEA.s...
assembling ASM_WRAPPER.s...
assembling DATA_SEGMENT.s...
linking...
Program Size: Code=1392 RO-data=668 RW-data=1040 ZI-data=1632  
".\Lab 1.axf" - 0 Errors, 1 Warning(s).
Rebuild target 'Lab 1'
assembling startup_stm32f40xx.s...
compiling C_TEA.c...
compiling C_WRAPPER.c...
assembling ASM_TEA.s...
assembling ASM_WRAPPER.s...
assembling DATA_SEGMENT.s...
linking...
Program Size: Code=1392 RO-data=668 RW-data=1040 ZI-data=1632  
".\Lab 1.axf" - 0 Errors, 0 Warning(s).
Rebuild target 'Lab 1'
assembling startup_stm32f40xx.s...
compiling C_TEA.c...
compiling C_WRAPPER.c...
assembling ASM_TEA.s...
assembling ASM_WRAPPER.s...
assembling DATA_SEGMENT.s...
linking...
Program Size: Code=1392 RO-data=668 RW-data=1040 ZI-data=1632  
".\Lab 1.axf" - 0 Errors, 0 Warning(s).
Rebuild target 'Lab 1'
assembling startup_stm32f40xx.s...
compiling C_TEA.c...
compiling C_WRAPPER.c...
assembling ASM_TEA.s...
assembling ASM_WRAPPER.s...
assembling DATA_SEGMENT.s...
linking...
Program Size: Code=1392 RO-data=668 RW-data=1040 ZI-data=1632  
".\Lab 1.axf" - 0 Errors, 0 Warning(s).
Rebuild target 'Lab 1'
assembling startup_stm32f40xx.s...
compiling C_TEA.c...
compiling C_WRAPPER.c...
assembling ASM_TEA.s...
assembling ASM_WRAPPER.s...
assembling DATA_SEGMENT.s...
linking...
Program Size: Code=1388 RO-data=668 RW-data=1040 ZI-data=1632  
".\Lab 1.axf" - 0 Errors, 0 Warning(s).
Rebuild target 'Lab 1'
assembling startup_stm32f40xx.s...
compiling C_TEA.c...
compiling C_WRAPPER.c...
assembling ASM_TEA.s...
assembling ASM_WRAPPER.s...
assembling DATA_SEGMENT.s...
linking...
Program Size: Code=1388 RO-data=668 RW-data=1040 ZI-data=1632  
".\Lab 1.axf" - 0 Errors, 0 Warning(s).
Rebuild target 'Lab 1'
assembling startup_stm32f40xx.s...
compiling C_TEA.c...
compiling C_WRAPPER.c...
assembling ASM_TEA.s...
assembling ASM_WRAPPER.s...
assembling DATA_SEGMENT.s...
linking...
Program Size: Code=920 RO-data=668 RW-data=1040 ZI-data=1024  
".\Lab 1.axf" - 0 Errors, 0 Warning(s).
Rebuild target 'Lab 1'
assembling startup_stm32f40xx.s...
compiling C_TEA.c...
compiling C_WRAPPER.c...
assembling ASM_TEA.s...
assembling ASM_WRAPPER.s...
assembling DATA_SEGMENT.s...
linking...
Program Size: Code=920 RO-data=668 RW-data=1040 ZI-data=1024  
".\Lab 1.axf" - 0 Errors, 0 Warning(s).
Rebuild target 'Lab 1'
assembling startup_stm32f40xx.s...
compiling C_TEA.c...
compiling C_WRAPPER.c...
C_WRAPPER.c(39): error:  #20: identifier "encryptedValue" is undefined
C_WRAPPER.c(22): warning:  #177-D: variable "testData" was declared but never referenced
assembling ASM_TEA.s...
assembling ASM_WRAPPER.s...
assembling DATA_SEGMENT.s...
".\Lab 1.axf" - 1 Errors, 1 Warning(s).
Target not created
Rebuild target 'Lab 1'
assembling startup_stm32f40xx.s...
compiling C_TEA.c...
compiling C_WRAPPER.c...
C_WRAPPER.c(39): error:  #20: identifier "encryptedValue" is undefined
C_WRAPPER.c(22): warning:  #177-D: variable "testData" was declared but never referenced
assembling ASM_TEA.s...
assembling ASM_WRAPPER.s...
assembling DATA_SEGMENT.s...
".\Lab 1.axf" - 1 Errors, 1 Warning(s).
Target not created
Rebuild target 'Lab 1'
assembling startup_stm32f40xx.s...
compiling C_TEA.c...
compiling C_WRAPPER.c...
C_WRAPPER.c(39): error:  #20: identifier "encryptedValue" is undefined
C_WRAPPER.c(22): warning:  #177-D: variable "testData" was declared but never referenced
assembling ASM_TEA.s...
assembling ASM_WRAPPER.s...
assembling DATA_SEGMENT.s...
".\Lab 1.axf" - 1 Errors, 1 Warning(s).
Target not created
Rebuild target 'Lab 1'
assembling startup_stm32f40xx.s...
compiling C_TEA.c...
compiling C_WRAPPER.c...
C_WRAPPER.c(39): error:  #137: expression must be a modifiable lvalue
C_WRAPPER.c(22): warning:  #177-D: variable "testData" was declared but never referenced
assembling ASM_TEA.s...
assembling ASM_WRAPPER.s...
assembling DATA_SEGMENT.s...
".\Lab 1.axf" - 1 Errors, 1 Warning(s).
Target not created
Rebuild target 'Lab 1'
assembling startup_stm32f40xx.s...
compiling C_TEA.c...
compiling C_WRAPPER.c...
C_WRAPPER.c(22): warning:  #177-D: variable "testData" was declared but never referenced
assembling ASM_TEA.s...
assembling ASM_WRAPPER.s...
assembling DATA_SEGMENT.s...
linking...
Program Size: Code=924 RO-data=668 RW-data=1040 ZI-data=1024  
".\Lab 1.axf" - 0 Errors, 1 Warning(s).
Rebuild target 'Lab 1'
assembling startup_stm32f40xx.s...
compiling C_TEA.c...
compiling C_WRAPPER.c...
C_WRAPPER.c(22): warning:  #177-D: variable "testData" was declared but never referenced
assembling ASM_TEA.s...
assembling ASM_WRAPPER.s...
assembling DATA_SEGMENT.s...
linking...
Program Size: Code=924 RO-data=668 RW-data=1040 ZI-data=1024  
".\Lab 1.axf" - 0 Errors, 1 Warning(s).
Rebuild target 'Lab 1'
assembling startup_stm32f40xx.s...
compiling C_TEA.c...
compiling C_WRAPPER.c...
C_WRAPPER.c(22): warning:  #177-D: variable "testData" was declared but never referenced
assembling ASM_TEA.s...
assembling ASM_WRAPPER.s...
assembling DATA_SEGMENT.s...
linking...
Program Size: Code=924 RO-data=668 RW-data=1040 ZI-data=1024  
".\Lab 1.axf" - 0 Errors, 1 Warning(s).
