<html>
<body>
<pre>
<h1>µVision Build Log</h1>
<h2>Project:</h2>
C:\Users\Joshua\Documents\GitHub\Lab1\Lab 1.uvproj
Project File Date:  10/04/2013

<h2>Output:</h2>
Rebuild target 'Lab 1'
assembling startup_stm32f40xx.s...
compiling C_TEA.c...
compiling C_WRAPPER.c...
C_WRAPPER.c(23): warning:  #177-D: variable "testData" was declared but never referenced
assembling ASM_TEA.s...
assembling ASM_WRAPPER.s...
assembling DATA_SEGMENT.s...
linking...
Program Size: Code=1200 RO-data=772 RW-data=1040 ZI-data=1024  
".\Lab 1.axf" - 0 Errors, 1 Warning(s).
Rebuild target 'Lab 1'
assembling startup_stm32f40xx.s...
compiling C_TEA.c...
compiling C_WRAPPER.c...
C_WRAPPER.c(23): warning:  #177-D: variable "testData" was declared but never referenced
assembling ASM_TEA.s...
assembling ASM_WRAPPER.s...
assembling DATA_SEGMENT.s...
linking...
Program Size: Code=1204 RO-data=772 RW-data=1040 ZI-data=1024  
".\Lab 1.axf" - 0 Errors, 1 Warning(s).
Rebuild target 'Lab 1'
assembling startup_stm32f40xx.s...
compiling C_TEA.c...
compiling C_WRAPPER.c...
C_WRAPPER.c(23): warning:  #177-D: variable "testData" was declared but never referenced
assembling ASM_TEA.s...
assembling ASM_WRAPPER.s...
assembling DATA_SEGMENT.s...
linking...
Program Size: Code=1204 RO-data=772 RW-data=1040 ZI-data=1024  
".\Lab 1.axf" - 0 Errors, 1 Warning(s).
Rebuild target 'Lab 1'
assembling startup_stm32f40xx.s...
compiling C_TEA.c...
compiling C_WRAPPER.c...
C_WRAPPER.c(23): warning:  #177-D: variable "testData" was declared but never referenced
assembling ASM_TEA.s...
assembling ASM_WRAPPER.s...
assembling DATA_SEGMENT.s...
linking...
Program Size: Code=1192 RO-data=772 RW-data=1040 ZI-data=1024  
".\Lab 1.axf" - 0 Errors, 1 Warning(s).
Rebuild target 'Lab 1'
assembling startup_stm32f40xx.s...
compiling C_TEA.c...
compiling C_WRAPPER.c...
C_WRAPPER.c(23): warning:  #177-D: variable "testData" was declared but never referenced
assembling ASM_TEA.s...
assembling ASM_WRAPPER.s...
assembling DATA_SEGMENT.s...
linking...
Program Size: Code=1192 RO-data=772 RW-data=1040 ZI-data=1024  
".\Lab 1.axf" - 0 Errors, 1 Warning(s).
Rebuild target 'Lab 1'
assembling startup_stm32f40xx.s...
compiling C_TEA.c...
compiling C_WRAPPER.c...
C_WRAPPER.c(23): warning:  #177-D: variable "testData" was declared but never referenced
assembling ASM_TEA.s...
assembling ASM_WRAPPER.s...
assembling DATA_SEGMENT.s...
linking...
Program Size: Code=1192 RO-data=772 RW-data=1040 ZI-data=1024  
".\Lab 1.axf" - 0 Errors, 1 Warning(s).
Rebuild target 'Lab 1'
assembling startup_stm32f40xx.s...
compiling C_TEA.c...
compiling C_WRAPPER.c...
C_WRAPPER.c(23): warning:  #177-D: variable "testData" was declared but never referenced
assembling ASM_TEA.s...
assembling ASM_WRAPPER.s...
assembling DATA_SEGMENT.s...
linking...
Program Size: Code=1192 RO-data=772 RW-data=1040 ZI-data=1024  
".\Lab 1.axf" - 0 Errors, 1 Warning(s).
Rebuild target 'Lab 1'
assembling startup_stm32f40xx.s...
compiling C_TEA.c...
compiling C_WRAPPER.c...
C_WRAPPER.c(23): warning:  #177-D: variable "testData" was declared but never referenced
assembling ASM_TEA.s...
assembling ASM_WRAPPER.s...
assembling DATA_SEGMENT.s...
linking...
Program Size: Code=1196 RO-data=772 RW-data=1040 ZI-data=1024  
".\Lab 1.axf" - 0 Errors, 1 Warning(s).
Rebuild target 'Lab 1'
assembling startup_stm32f40xx.s...
compiling C_TEA.c...
compiling C_WRAPPER.c...
C_WRAPPER.c(23): warning:  #177-D: variable "testData" was declared but never referenced
assembling ASM_TEA.s...
assembling ASM_WRAPPER.s...
assembling DATA_SEGMENT.s...
linking...
Program Size: Code=1192 RO-data=772 RW-data=1040 ZI-data=1024  
".\Lab 1.axf" - 0 Errors, 1 Warning(s).
Rebuild target 'Lab 1'
assembling startup_stm32f40xx.s...
compiling C_TEA.c...
compiling C_WRAPPER.c...
C_WRAPPER.c(23): warning:  #177-D: variable "testData" was declared but never referenced
assembling ASM_TEA.s...
assembling ASM_WRAPPER.s...
assembling DATA_SEGMENT.s...
linking...
Program Size: Code=1192 RO-data=772 RW-data=1040 ZI-data=1024  
".\Lab 1.axf" - 0 Errors, 1 Warning(s).
Rebuild target 'Lab 1'
assembling startup_stm32f40xx.s...
compiling C_TEA.c...
compiling C_WRAPPER.c...
C_WRAPPER.c(23): warning:  #177-D: variable "testData" was declared but never referenced
assembling ASM_TEA.s...
assembling ASM_WRAPPER.s...
assembling DATA_SEGMENT.s...
linking...
Program Size: Code=1196 RO-data=772 RW-data=1040 ZI-data=1024  
".\Lab 1.axf" - 0 Errors, 1 Warning(s).
Rebuild target 'Lab 1'
assembling startup_stm32f40xx.s...
compiling C_TEA.c...
compiling C_WRAPPER.c...
C_WRAPPER.c(23): warning:  #177-D: variable "testData" was declared but never referenced
assembling ASM_TEA.s...
assembling ASM_WRAPPER.s...
assembling DATA_SEGMENT.s...
linking...
Program Size: Code=1188 RO-data=772 RW-data=1040 ZI-data=1024  
".\Lab 1.axf" - 0 Errors, 1 Warning(s).
Rebuild target 'Lab 1'
assembling startup_stm32f40xx.s...
compiling C_TEA.c...
compiling C_WRAPPER.c...
C_WRAPPER.c(23): warning:  #177-D: variable "testData" was declared but never referenced
C_WRAPPER.c(26): warning:  #550-D: variable "decryptedValue" was set but never used
assembling ASM_TEA.s...
assembling ASM_WRAPPER.s...
assembling DATA_SEGMENT.s...
linking...
Program Size: Code=1192 RO-data=772 RW-data=1040 ZI-data=1024  
".\Lab 1.axf" - 0 Errors, 2 Warning(s).
Rebuild target 'Lab 1'
assembling startup_stm32f40xx.s...
compiling C_TEA.c...
compiling C_WRAPPER.c...
C_WRAPPER.c(51): error:  #65: expected a ";"
C_WRAPPER.c(23): warning:  #177-D: variable "testData" was declared but never referenced
C_WRAPPER.c(26): warning:  #550-D: variable "decryptedValue" was set but never used
assembling ASM_TEA.s...
assembling ASM_WRAPPER.s...
assembling DATA_SEGMENT.s...
".\Lab 1.axf" - 1 Errors, 2 Warning(s).
Target not created
Rebuild target 'Lab 1'
assembling startup_stm32f40xx.s...
compiling C_TEA.c...
compiling C_WRAPPER.c...
C_WRAPPER.c(23): warning:  #177-D: variable "testData" was declared but never referenced
C_WRAPPER.c(26): warning:  #550-D: variable "decryptedValue" was set but never used
assembling ASM_TEA.s...
assembling ASM_WRAPPER.s...
assembling DATA_SEGMENT.s...
linking...
Program Size: Code=1196 RO-data=772 RW-data=1040 ZI-data=1024  
".\Lab 1.axf" - 0 Errors, 2 Warning(s).
Rebuild target 'Lab 1'
assembling startup_stm32f40xx.s...
compiling C_TEA.c...
compiling C_WRAPPER.c...
C_WRAPPER.c(52): error:  #268: declaration may not appear after executable statement in block
C_WRAPPER.c(23): warning:  #177-D: variable "testData" was declared but never referenced
C_WRAPPER.c(24): warning:  #177-D: variable "Secret_Quote_Group_6" was declared but never referenced
C_WRAPPER.c(26): warning:  #177-D: variable "decryptedValue" was declared but never referenced
assembling ASM_TEA.s...
assembling ASM_WRAPPER.s...
assembling DATA_SEGMENT.s...
".\Lab 1.axf" - 1 Errors, 3 Warning(s).
Target not created
Rebuild target 'Lab 1'
assembling startup_stm32f40xx.s...
compiling C_TEA.c...
compiling C_WRAPPER.c...
C_WRAPPER.c(54): error:  #20: identifier "encyptedString" is undefined
C_WRAPPER.c(23): warning:  #177-D: variable "testData" was declared but never referenced
C_WRAPPER.c(27): warning:  #177-D: variable "decryptedValue" was declared but never referenced
assembling ASM_TEA.s...
assembling ASM_WRAPPER.s...
assembling DATA_SEGMENT.s...
".\Lab 1.axf" - 1 Errors, 2 Warning(s).
Target not created
Rebuild target 'Lab 1'
assembling startup_stm32f40xx.s...
compiling C_TEA.c...
compiling C_WRAPPER.c...
C_WRAPPER.c(23): warning:  #177-D: variable "testData" was declared but never referenced
C_WRAPPER.c(27): warning:  #177-D: variable "decryptedValue" was declared but never referenced
assembling ASM_TEA.s...
assembling ASM_WRAPPER.s...
assembling DATA_SEGMENT.s...
linking...
Program Size: Code=1204 RO-data=772 RW-data=1040 ZI-data=1024  
".\Lab 1.axf" - 0 Errors, 2 Warning(s).
Rebuild target 'Lab 1'
assembling startup_stm32f40xx.s...
compiling C_TEA.c...
compiling C_WRAPPER.c...
C_WRAPPER.c(23): warning:  #177-D: variable "testData" was declared but never referenced
C_WRAPPER.c(27): warning:  #177-D: variable "decryptedValue" was declared but never referenced
assembling ASM_TEA.s...
assembling ASM_WRAPPER.s...
assembling DATA_SEGMENT.s...
linking...
Program Size: Code=1204 RO-data=772 RW-data=1040 ZI-data=1024  
".\Lab 1.axf" - 0 Errors, 2 Warning(s).
Rebuild target 'Lab 1'
assembling startup_stm32f40xx.s...
compiling C_TEA.c...
compiling C_WRAPPER.c...
C_WRAPPER.c(23): warning:  #177-D: variable "testData" was declared but never referenced
C_WRAPPER.c(27): warning:  #177-D: variable "decryptedValue" was declared but never referenced
assembling ASM_TEA.s...
assembling ASM_WRAPPER.s...
assembling DATA_SEGMENT.s...
linking...
Program Size: Code=1204 RO-data=772 RW-data=1040 ZI-data=1024  
".\Lab 1.axf" - 0 Errors, 2 Warning(s).
Rebuild target 'Lab 1'
assembling startup_stm32f40xx.s...
compiling C_TEA.c...
compiling C_WRAPPER.c...
C_WRAPPER.c(21): warning:  #177-D: variable "i" was declared but never referenced
C_WRAPPER.c(21): warning:  #177-D: variable "j" was declared but never referenced
C_WRAPPER.c(24): warning:  #177-D: variable "testData" was declared but never referenced
C_WRAPPER.c(25): warning:  #177-D: variable "Secret_Quote_Group_6" was declared but never referenced
C_WRAPPER.c(26): warning:  #177-D: variable "encryptedString" was declared but never referenced
C_WRAPPER.c(28): warning:  #177-D: variable "decryptedValue" was declared but never referenced
assembling ASM_TEA.s...
assembling ASM_WRAPPER.s...
assembling DATA_SEGMENT.s...
linking...
Program Size: Code=1180 RO-data=772 RW-data=1040 ZI-data=1024  
".\Lab 1.axf" - 0 Errors, 6 Warning(s).
Rebuild target 'Lab 1'
assembling startup_stm32f40xx.s...
compiling C_TEA.c...
compiling C_WRAPPER.c...
C_WRAPPER.c(21): warning:  #177-D: variable "i" was declared but never referenced
C_WRAPPER.c(21): warning:  #177-D: variable "j" was declared but never referenced
C_WRAPPER.c(23): warning:  #177-D: variable "key" was declared but never referenced
C_WRAPPER.c(24): warning:  #177-D: variable "testData" was declared but never referenced
C_WRAPPER.c(25): warning:  #177-D: variable "Secret_Quote_Group_6" was declared but never referenced
C_WRAPPER.c(26): warning:  #177-D: variable "encryptedString" was declared but never referenced
C_WRAPPER.c(28): warning:  #177-D: variable "decryptedValue" was declared but never referenced
assembling ASM_TEA.s...
assembling ASM_WRAPPER.s...
assembling DATA_SEGMENT.s...
linking...
Program Size: Code=920 RO-data=772 RW-data=1040 ZI-data=1024  
".\Lab 1.axf" - 0 Errors, 7 Warning(s).
Rebuild target 'Lab 1'
assembling startup_stm32f40xx.s...
compiling C_TEA.c...
compiling C_WRAPPER.c...
C_WRAPPER.c(21): warning:  #177-D: variable "i" was declared but never referenced
C_WRAPPER.c(21): warning:  #177-D: variable "j" was declared but never referenced
C_WRAPPER.c(23): warning:  #177-D: variable "key" was declared but never referenced
C_WRAPPER.c(24): warning:  #177-D: variable "testData" was declared but never referenced
C_WRAPPER.c(25): warning:  #177-D: variable "Secret_Quote_Group_6" was declared but never referenced
C_WRAPPER.c(26): warning:  #177-D: variable "encryptedString" was declared but never referenced
C_WRAPPER.c(28): warning:  #177-D: variable "decryptedValue" was declared but never referenced
assembling ASM_TEA.s...
assembling ASM_WRAPPER.s...
assembling DATA_SEGMENT.s...
linking...
Program Size: Code=920 RO-data=772 RW-data=1040 ZI-data=1024  
".\Lab 1.axf" - 0 Errors, 7 Warning(s).
Rebuild target 'Lab 1'
assembling startup_stm32f40xx.s...
compiling C_TEA.c...
compiling C_WRAPPER.c...
C_WRAPPER.c(21): warning:  #177-D: variable "i" was declared but never referenced
C_WRAPPER.c(21): warning:  #177-D: variable "j" was declared but never referenced
C_WRAPPER.c(23): warning:  #177-D: variable "key" was declared but never referenced
C_WRAPPER.c(24): warning:  #177-D: variable "testData" was declared but never referenced
C_WRAPPER.c(25): warning:  #177-D: variable "Secret_Quote_Group_6" was declared but never referenced
C_WRAPPER.c(26): warning:  #177-D: variable "encryptedString" was declared but never referenced
C_WRAPPER.c(28): warning:  #177-D: variable "decryptedValue" was declared but never referenced
assembling ASM_TEA.s...
assembling ASM_WRAPPER.s...
assembling DATA_SEGMENT.s...
linking...
Program Size: Code=916 RO-data=772 RW-data=1040 ZI-data=1024  
".\Lab 1.axf" - 0 Errors, 7 Warning(s).
Rebuild target 'Lab 1'
assembling startup_stm32f40xx.s...
compiling C_TEA.c...
compiling C_WRAPPER.c...
C_WRAPPER.c(21): warning:  #177-D: variable "i" was declared but never referenced
C_WRAPPER.c(21): warning:  #177-D: variable "j" was declared but never referenced
C_WRAPPER.c(23): warning:  #177-D: variable "key" was declared but never referenced
C_WRAPPER.c(24): warning:  #177-D: variable "testData" was declared but never referenced
C_WRAPPER.c(25): warning:  #177-D: variable "Secret_Quote_Group_6" was declared but never referenced
C_WRAPPER.c(26): warning:  #177-D: variable "encryptedString" was declared but never referenced
C_WRAPPER.c(28): warning:  #177-D: variable "decryptedValue" was declared but never referenced
assembling ASM_TEA.s...
assembling ASM_WRAPPER.s...
assembling DATA_SEGMENT.s...
linking...
Program Size: Code=916 RO-data=772 RW-data=1040 ZI-data=1024  
".\Lab 1.axf" - 0 Errors, 7 Warning(s).
Rebuild target 'Lab 1'
assembling startup_stm32f40xx.s...
compiling C_TEA.c...
compiling C_WRAPPER.c...
C_WRAPPER.c(21): warning:  #177-D: variable "i" was declared but never referenced
C_WRAPPER.c(21): warning:  #177-D: variable "j" was declared but never referenced
C_WRAPPER.c(23): warning:  #177-D: variable "key" was declared but never referenced
C_WRAPPER.c(24): warning:  #177-D: variable "testData" was declared but never referenced
C_WRAPPER.c(25): warning:  #177-D: variable "Secret_Quote_Group_6" was declared but never referenced
C_WRAPPER.c(26): warning:  #177-D: variable "encryptedString" was declared but never referenced
C_WRAPPER.c(28): warning:  #177-D: variable "decryptedValue" was declared but never referenced
assembling ASM_TEA.s...
assembling ASM_WRAPPER.s...
assembling DATA_SEGMENT.s...
linking...
Program Size: Code=916 RO-data=772 RW-data=1040 ZI-data=1024  
".\Lab 1.axf" - 0 Errors, 7 Warning(s).
Rebuild target 'Lab 1'
assembling startup_stm32f40xx.s...
compiling C_TEA.c...
compiling C_WRAPPER.c...
C_WRAPPER.c(21): warning:  #177-D: variable "i" was declared but never referenced
C_WRAPPER.c(21): warning:  #177-D: variable "j" was declared but never referenced
C_WRAPPER.c(24): warning:  #177-D: variable "testData" was declared but never referenced
C_WRAPPER.c(25): warning:  #177-D: variable "Secret_Quote_Group_6" was declared but never referenced
C_WRAPPER.c(26): warning:  #177-D: variable "encryptedString" was declared but never referenced
C_WRAPPER.c(28): warning:  #177-D: variable "decryptedValue" was declared but never referenced
assembling ASM_TEA.s...
assembling ASM_WRAPPER.s...
assembling DATA_SEGMENT.s...
linking...
Program Size: Code=1176 RO-data=772 RW-data=1040 ZI-data=1024  
".\Lab 1.axf" - 0 Errors, 6 Warning(s).
Rebuild target 'Lab 1'
assembling startup_stm32f40xx.s...
compiling C_TEA.c...
compiling C_WRAPPER.c...
C_WRAPPER.c(21): warning:  #177-D: variable "i" was declared but never referenced
C_WRAPPER.c(21): warning:  #177-D: variable "j" was declared but never referenced
C_WRAPPER.c(24): warning:  #177-D: variable "testData" was declared but never referenced
C_WRAPPER.c(25): warning:  #177-D: variable "Secret_Quote_Group_6" was declared but never referenced
C_WRAPPER.c(26): warning:  #177-D: variable "encryptedString" was declared but never referenced
C_WRAPPER.c(28): warning:  #177-D: variable "decryptedValue" was declared but never referenced
assembling ASM_TEA.s...
assembling ASM_WRAPPER.s...
assembling DATA_SEGMENT.s...
linking...
Program Size: Code=1196 RO-data=772 RW-data=1040 ZI-data=1024  
".\Lab 1.axf" - 0 Errors, 6 Warning(s).
Rebuild target 'Lab 1'
assembling startup_stm32f40xx.s...
compiling C_TEA.c...
compiling C_WRAPPER.c...
C_WRAPPER.c(21): warning:  #177-D: variable "i" was declared but never referenced
C_WRAPPER.c(21): warning:  #177-D: variable "j" was declared but never referenced
C_WRAPPER.c(24): warning:  #177-D: variable "testData" was declared but never referenced
C_WRAPPER.c(25): warning:  #177-D: variable "Secret_Quote_Group_6" was declared but never referenced
C_WRAPPER.c(26): warning:  #177-D: variable "encryptedString" was declared but never referenced
C_WRAPPER.c(28): warning:  #177-D: variable "decryptedValue" was declared but never referenced
assembling ASM_TEA.s...
assembling ASM_WRAPPER.s...
assembling DATA_SEGMENT.s...
linking...
Program Size: Code=1196 RO-data=772 RW-data=1040 ZI-data=1024  
".\Lab 1.axf" - 0 Errors, 6 Warning(s).
Rebuild target 'Lab 1'
assembling startup_stm32f40xx.s...
compiling C_TEA.c...
compiling C_WRAPPER.c...
C_WRAPPER.c(24): warning:  #177-D: variable "testData" was declared but never referenced
C_WRAPPER.c(28): warning:  #177-D: variable "decryptedValue" was declared but never referenced
assembling ASM_TEA.s...
assembling ASM_WRAPPER.s...
assembling DATA_SEGMENT.s...
linking...
Program Size: Code=1200 RO-data=772 RW-data=1040 ZI-data=1024  
".\Lab 1.axf" - 0 Errors, 2 Warning(s).
Rebuild target 'Lab 1'
assembling startup_stm32f40xx.s...
compiling C_TEA.c...
compiling C_WRAPPER.c...
assembling ASM_TEA.s...
assembling ASM_WRAPPER.s...
assembling DATA_SEGMENT.s...
linking...
Program Size: Code=1188 RO-data=764 RW-data=1040 ZI-data=1024  
".\Lab 1.axf" - 0 Errors, 0 Warning(s).
Rebuild target 'Lab 1'
assembling startup_stm32f40xx.s...
compiling C_TEA.c...
compiling C_WRAPPER.c...
assembling ASM_TEA.s...
assembling ASM_WRAPPER.s...
assembling DATA_SEGMENT.s...
linking...
Program Size: Code=1188 RO-data=764 RW-data=1040 ZI-data=1024  
".\Lab 1.axf" - 0 Errors, 0 Warning(s).
