<html>
<body>
<pre>
<h1>µVision Build Log</h1>
<h2>Project:</h2>
C:\Users\Ian\Documents\GitHub\Lab1\Lab1.uvproj
Project File Date:  09/26/2013

<h2>Output:</h2>
Rebuild target 'Lab1'
assembling startup_stm32f40xx.s...
assembling ASM_TEA.s...
compiling C_TEA.c...
compiling C_WRAPPER.c...
linking...
Program Size: Code=1056 RO-data=424 RW-data=0 ZI-data=1632  
".\Objects\Lab1.axf" - 0 Errors, 0 Warning(s).
Rebuild target 'Lab1'
assembling startup_stm32f40xx.s...
assembling ASM_TEA.s...
compiling C_TEA.c...
compiling C_WRAPPER.c...
linking...
Program Size: Code=1056 RO-data=424 RW-data=0 ZI-data=1632  
".\Objects\Lab1.axf" - 0 Errors, 0 Warning(s).
Rebuild target 'Lab1'
assembling startup_stm32f40xx.s...
assembling ASM_TEA.s...
compiling C_TEA.c...
compiling C_WRAPPER.c...
linking...
Program Size: Code=1056 RO-data=424 RW-data=0 ZI-data=1632  
".\Objects\Lab1.axf" - 0 Errors, 0 Warning(s).
Rebuild target 'Lab1'
assembling startup_stm32f40xx.s...
assembling ASM_TEA.s...
compiling C_TEA.c...
compiling C_WRAPPER.c...
linking...
Program Size: Code=972 RO-data=424 RW-data=0 ZI-data=1632  
".\Objects\Lab1.axf" - 0 Errors, 0 Warning(s).
Rebuild target 'Lab1'
assembling startup_stm32f40xx.s...
assembling ASM_TEA.s...
compiling C_TEA.c...
compiling C_WRAPPER.c...
C_WRAPPER.c(13): warning:  #550-D: variable "value" was set but never used
C_WRAPPER.c(15): warning:  #177-D: variable "encrypted_result" was declared but never referenced
linking...
Program Size: Code=748 RO-data=440 RW-data=2496 ZI-data=1632  
".\Objects\Lab1.axf" - 0 Errors, 2 Warning(s).
Rebuild target 'Lab1'
assembling startup_stm32f40xx.s...
assembling ASM_TEA.s...
compiling C_TEA.c...
compiling C_WRAPPER.c...
C_WRAPPER.c(13): warning:  #550-D: variable "value" was set but never used
C_WRAPPER.c(15): warning:  #177-D: variable "encrypted_result" was declared but never referenced
linking...
Program Size: Code=748 RO-data=440 RW-data=2496 ZI-data=1632  
".\Objects\Lab1.axf" - 0 Errors, 2 Warning(s).
Rebuild target 'Lab1'
assembling startup_stm32f40xx.s...
assembling ASM_TEA.s...
compiling C_TEA.c...
compiling C_WRAPPER.c...
C_WRAPPER.c(13): warning:  #550-D: variable "value" was set but never used
C_WRAPPER.c(15): warning:  #177-D: variable "encrypted_result" was declared but never referenced
linking...
Program Size: Code=748 RO-data=440 RW-data=2496 ZI-data=1632  
".\Objects\Lab1.axf" - 0 Errors, 2 Warning(s).
Rebuild target 'Lab1'
assembling startup_stm32f40xx.s...
assembling ASM_TEA.s...
compiling C_TEA.c...
compiling C_WRAPPER.c...
C_WRAPPER.c(13): warning:  #550-D: variable "value" was set but never used
C_WRAPPER.c(15): warning:  #177-D: variable "encrypted_result" was declared but never referenced
linking...
Program Size: Code=748 RO-data=440 RW-data=2496 ZI-data=1632  
".\Objects\Lab1.axf" - 0 Errors, 2 Warning(s).
Rebuild target 'Lab1'
assembling startup_stm32f40xx.s...
assembling ASM_TEA.s...
compiling C_TEA.c...
compiling C_WRAPPER.c...
C_WRAPPER.c(13): warning:  #550-D: variable "value" was set but never used
C_WRAPPER.c(15): warning:  #177-D: variable "encrypted_result" was declared but never referenced
linking...
Program Size: Code=748 RO-data=440 RW-data=2496 ZI-data=1632  
".\Objects\Lab1.axf" - 0 Errors, 2 Warning(s).
Rebuild target 'Lab1'
assembling startup_stm32f40xx.s...
assembling ASM_TEA.s...
compiling C_TEA.c...
compiling C_WRAPPER.c...
C_WRAPPER.c(13): warning:  #550-D: variable "value" was set but never used
C_WRAPPER.c(15): warning:  #177-D: variable "encrypted_result" was declared but never referenced
linking...
Program Size: Code=748 RO-data=440 RW-data=2496 ZI-data=1632  
".\Objects\Lab1.axf" - 0 Errors, 2 Warning(s).
Rebuild target 'Lab1'
assembling startup_stm32f40xx.s...
assembling ASM_TEA.s...
compiling C_TEA.c...
compiling C_WRAPPER.c...
C_WRAPPER.c(13): warning:  #550-D: variable "value" was set but never used
C_WRAPPER.c(15): warning:  #177-D: variable "encrypted_result" was declared but never referenced
linking...
Program Size: Code=748 RO-data=440 RW-data=2496 ZI-data=1632  
".\Objects\Lab1.axf" - 0 Errors, 2 Warning(s).
Rebuild target 'Lab1'
assembling startup_stm32f40xx.s...
assembling ASM_TEA.s...
compiling C_TEA.c...
compiling C_WRAPPER.c...
C_WRAPPER.c(13): warning:  #550-D: variable "value" was set but never used
C_WRAPPER.c(15): warning:  #177-D: variable "encrypted_result" was declared but never referenced
linking...
Program Size: Code=748 RO-data=440 RW-data=2496 ZI-data=1632  
".\Objects\Lab1.axf" - 0 Errors, 2 Warning(s).
Rebuild target 'Lab1'
assembling startup_stm32f40xx.s...
assembling ASM_TEA.s...
compiling C_TEA.c...
compiling C_WRAPPER.c...
C_WRAPPER.c(13): warning:  #550-D: variable "value" was set but never used
C_WRAPPER.c(15): warning:  #177-D: variable "encrypted_result" was declared but never referenced
linking...
Program Size: Code=748 RO-data=440 RW-data=2496 ZI-data=1632  
".\Objects\Lab1.axf" - 0 Errors, 2 Warning(s).
Rebuild target 'Lab1'
assembling startup_stm32f40xx.s...
assembling ASM_TEA.s...
compiling C_TEA.c...
compiling C_WRAPPER.c...
C_WRAPPER.c(13): warning:  #550-D: variable "value" was set but never used
C_WRAPPER.c(15): warning:  #177-D: variable "encrypted_result" was declared but never referenced
linking...
Program Size: Code=748 RO-data=440 RW-data=2496 ZI-data=1632  
".\Objects\Lab1.axf" - 0 Errors, 2 Warning(s).
Rebuild target 'Lab1'
assembling startup_stm32f40xx.s...
assembling ASM_TEA.s...
compiling C_TEA.c...
compiling C_WRAPPER.c...
C_WRAPPER.c(13): warning:  #550-D: variable "value" was set but never used
C_WRAPPER.c(15): warning:  #177-D: variable "encrypted_result" was declared but never referenced
linking...
Program Size: Code=748 RO-data=440 RW-data=2496 ZI-data=1632  
".\Objects\Lab1.axf" - 0 Errors, 2 Warning(s).
Rebuild target 'Lab1'
assembling startup_stm32f40xx.s...
assembling ASM_TEA.s...
compiling C_TEA.c...
compiling C_WRAPPER.c...
C_WRAPPER.c(13): warning:  #550-D: variable "value" was set but never used
C_WRAPPER.c(15): warning:  #177-D: variable "encrypted_result" was declared but never referenced
linking...
Program Size: Code=748 RO-data=440 RW-data=2496 ZI-data=1632  
".\Objects\Lab1.axf" - 0 Errors, 2 Warning(s).
Rebuild target 'Lab1'
assembling startup_stm32f40xx.s...
assembling ASM_TEA.s...
compiling C_TEA.c...
compiling C_WRAPPER.c...
C_WRAPPER.c(13): warning:  #550-D: variable "value" was set but never used
C_WRAPPER.c(15): warning:  #177-D: variable "encrypted_result" was declared but never referenced
linking...
Program Size: Code=748 RO-data=440 RW-data=2496 ZI-data=1632  
".\Objects\Lab1.axf" - 0 Errors, 2 Warning(s).
Rebuild target 'Lab1'
assembling startup_stm32f40xx.s...
assembling ASM_TEA.s...
compiling C_TEA.c...
compiling C_WRAPPER.c...
C_WRAPPER.c(13): warning:  #550-D: variable "value" was set but never used
C_WRAPPER.c(15): warning:  #177-D: variable "encrypted_result" was declared but never referenced
linking...
Program Size: Code=748 RO-data=440 RW-data=2496 ZI-data=1632  
".\Objects\Lab1.axf" - 0 Errors, 2 Warning(s).
Rebuild target 'Lab1'
assembling startup_stm32f40xx.s...
assembling ASM_TEA.s...
compiling C_TEA.c...
compiling C_WRAPPER.c...
C_WRAPPER.c(13): warning:  #550-D: variable "value" was set but never used
C_WRAPPER.c(15): warning:  #177-D: variable "encrypted_result" was declared but never referenced
linking...
Program Size: Code=748 RO-data=440 RW-data=2496 ZI-data=1632  
".\Objects\Lab1.axf" - 0 Errors, 2 Warning(s).
Rebuild target 'Lab1'
assembling startup_stm32f40xx.s...
assembling ASM_TEA.s...
compiling C_TEA.c...
compiling C_WRAPPER.c...
C_WRAPPER.c(13): warning:  #550-D: variable "value" was set but never used
C_WRAPPER.c(15): warning:  #177-D: variable "encrypted_result" was declared but never referenced
linking...
Program Size: Code=748 RO-data=440 RW-data=2496 ZI-data=1632  
".\Objects\Lab1.axf" - 0 Errors, 2 Warning(s).
Rebuild target 'Lab1'
assembling startup_stm32f40xx.s...
assembling ASM_TEA.s...
compiling C_TEA.c...
compiling C_WRAPPER.c...
C_WRAPPER.c(13): warning:  #550-D: variable "value" was set but never used
C_WRAPPER.c(15): warning:  #177-D: variable "encrypted_result" was declared but never referenced
linking...
Program Size: Code=748 RO-data=440 RW-data=2496 ZI-data=1632  
".\Objects\Lab1.axf" - 0 Errors, 2 Warning(s).
Rebuild target 'Lab1'
assembling startup_stm32f40xx.s...
assembling ASM_TEA.s...
compiling C_TEA.c...
compiling C_WRAPPER.c...
C_WRAPPER.c(13): warning:  #550-D: variable "value" was set but never used
C_WRAPPER.c(15): warning:  #177-D: variable "encrypted_result" was declared but never referenced
linking...
Program Size: Code=748 RO-data=440 RW-data=2496 ZI-data=1632  
".\Objects\Lab1.axf" - 0 Errors, 2 Warning(s).
Rebuild target 'Lab1'
assembling startup_stm32f40xx.s...
assembling ASM_TEA.s...
compiling C_TEA.c...
compiling C_WRAPPER.c...
C_WRAPPER.c(13): warning:  #550-D: variable "value" was set but never used
C_WRAPPER.c(15): warning:  #177-D: variable "encrypted_result" was declared but never referenced
linking...
Program Size: Code=748 RO-data=440 RW-data=2496 ZI-data=1632  
".\Objects\Lab1.axf" - 0 Errors, 2 Warning(s).
Rebuild target 'Lab1'
assembling startup_stm32f40xx.s...
assembling ASM_TEA.s...
compiling C_TEA.c...
compiling C_WRAPPER.c...
C_WRAPPER.c(13): warning:  #550-D: variable "value" was set but never used
C_WRAPPER.c(15): warning:  #177-D: variable "encrypted_result" was declared but never referenced
linking...
Program Size: Code=748 RO-data=440 RW-data=2496 ZI-data=1632  
".\Objects\Lab1.axf" - 0 Errors, 2 Warning(s).
Rebuild target 'Lab1'
assembling startup_stm32f40xx.s...
assembling ASM_TEA.s...
compiling C_TEA.c...
compiling C_WRAPPER.c...
C_WRAPPER.c(13): warning:  #550-D: variable "value" was set but never used
C_WRAPPER.c(15): warning:  #177-D: variable "encrypted_result" was declared but never referenced
linking...
Program Size: Code=748 RO-data=440 RW-data=2496 ZI-data=1632  
".\Objects\Lab1.axf" - 0 Errors, 2 Warning(s).
Rebuild target 'Lab1'
assembling startup_stm32f40xx.s...
assembling ASM_TEA.s...
compiling C_TEA.c...
compiling C_WRAPPER.c...
C_WRAPPER.c(13): warning:  #550-D: variable "value" was set but never used
C_WRAPPER.c(15): warning:  #177-D: variable "encrypted_result" was declared but never referenced
linking...
Program Size: Code=748 RO-data=440 RW-data=2496 ZI-data=1632  
".\Objects\Lab1.axf" - 0 Errors, 2 Warning(s).
Rebuild target 'Lab1'
assembling startup_stm32f40xx.s...
assembling ASM_TEA.s...
compiling C_TEA.c...
compiling C_WRAPPER.c...
C_WRAPPER.c(13): warning:  #550-D: variable "value" was set but never used
C_WRAPPER.c(15): warning:  #177-D: variable "encrypted_result" was declared but never referenced
linking...
Program Size: Code=748 RO-data=440 RW-data=2496 ZI-data=1632  
".\Objects\Lab1.axf" - 0 Errors, 2 Warning(s).
Rebuild target 'Lab1'
assembling startup_stm32f40xx.s...
assembling ASM_TEA.s...
compiling C_TEA.c...
compiling C_WRAPPER.c...
C_WRAPPER.c(13): warning:  #550-D: variable "value" was set but never used
C_WRAPPER.c(15): warning:  #177-D: variable "encrypted_result" was declared but never referenced
linking...
Program Size: Code=748 RO-data=440 RW-data=2496 ZI-data=1632  
".\Objects\Lab1.axf" - 0 Errors, 2 Warning(s).
Rebuild target 'Lab1'
assembling startup_stm32f40xx.s...
assembling ASM_TEA.s...
compiling C_TEA.c...
compiling C_WRAPPER.c...
C_WRAPPER.c(13): warning:  #550-D: variable "value" was set but never used
C_WRAPPER.c(15): warning:  #177-D: variable "encrypted_result" was declared but never referenced
linking...
Program Size: Code=748 RO-data=440 RW-data=2496 ZI-data=1632  
".\Objects\Lab1.axf" - 0 Errors, 2 Warning(s).
Rebuild target 'Lab1'
assembling startup_stm32f40xx.s...
assembling ASM_TEA.s...
compiling C_TEA.c...
compiling C_WRAPPER.c...
C_WRAPPER.c(13): warning:  #550-D: variable "value" was set but never used
C_WRAPPER.c(15): warning:  #177-D: variable "encrypted_result" was declared but never referenced
linking...
Program Size: Code=748 RO-data=440 RW-data=2496 ZI-data=1632  
".\Objects\Lab1.axf" - 0 Errors, 2 Warning(s).
Rebuild target 'Lab1'
assembling startup_stm32f40xx.s...
assembling ASM_TEA.s...
compiling C_TEA.c...
compiling C_WRAPPER.c...
C_WRAPPER.c(13): warning:  #550-D: variable "value" was set but never used
C_WRAPPER.c(15): warning:  #177-D: variable "encrypted_result" was declared but never referenced
linking...
Program Size: Code=748 RO-data=440 RW-data=2496 ZI-data=1632  
".\Objects\Lab1.axf" - 0 Errors, 2 Warning(s).
Rebuild target 'Lab1'
assembling startup_stm32f40xx.s...
assembling ASM_TEA.s...
compiling C_TEA.c...
compiling C_WRAPPER.c...
C_WRAPPER.c(13): warning:  #550-D: variable "value" was set but never used
C_WRAPPER.c(15): warning:  #177-D: variable "encrypted_result" was declared but never referenced
linking...
Program Size: Code=748 RO-data=440 RW-data=2496 ZI-data=1632  
".\Objects\Lab1.axf" - 0 Errors, 2 Warning(s).
Rebuild target 'Lab1'
assembling startup_stm32f40xx.s...
assembling ASM_TEA.s...
compiling C_TEA.c...
compiling C_WRAPPER.c...
C_WRAPPER.c(13): warning:  #550-D: variable "value" was set but never used
C_WRAPPER.c(15): warning:  #177-D: variable "encrypted_result" was declared but never referenced
linking...
Program Size: Code=748 RO-data=440 RW-data=2496 ZI-data=1632  
".\Objects\Lab1.axf" - 0 Errors, 2 Warning(s).
Rebuild target 'Lab1'
assembling startup_stm32f40xx.s...
assembling ASM_TEA.s...
compiling C_TEA.c...
compiling C_WRAPPER.c...
C_WRAPPER.c(13): warning:  #550-D: variable "value" was set but never used
C_WRAPPER.c(15): warning:  #177-D: variable "encrypted_result" was declared but never referenced
linking...
Program Size: Code=748 RO-data=440 RW-data=2496 ZI-data=1632  
".\Objects\Lab1.axf" - 0 Errors, 2 Warning(s).
Rebuild target 'Lab1'
assembling startup_stm32f40xx.s...
assembling ASM_TEA.s...
compiling C_TEA.c...
compiling C_WRAPPER.c...
C_WRAPPER.c(13): warning:  #550-D: variable "value" was set but never used
C_WRAPPER.c(15): warning:  #177-D: variable "encrypted_result" was declared but never referenced
linking...
Program Size: Code=748 RO-data=440 RW-data=2496 ZI-data=1632  
".\Objects\Lab1.axf" - 0 Errors, 2 Warning(s).
Rebuild target 'Lab1'
assembling startup_stm32f40xx.s...
assembling ASM_TEA.s...
compiling C_TEA.c...
compiling C_WRAPPER.c...
C_WRAPPER.c(13): warning:  #550-D: variable "value" was set but never used
C_WRAPPER.c(15): warning:  #177-D: variable "encrypted_result" was declared but never referenced
linking...
Program Size: Code=748 RO-data=440 RW-data=2496 ZI-data=1632  
".\Objects\Lab1.axf" - 0 Errors, 2 Warning(s).
Rebuild target 'Lab1'
assembling startup_stm32f40xx.s...
assembling ASM_TEA.s...
compiling C_TEA.c...
compiling C_WRAPPER.c...
C_WRAPPER.c(13): warning:  #550-D: variable "value" was set but never used
C_WRAPPER.c(15): warning:  #177-D: variable "encrypted_result" was declared but never referenced
linking...
Program Size: Code=748 RO-data=440 RW-data=2496 ZI-data=1632  
".\Objects\Lab1.axf" - 0 Errors, 2 Warning(s).
Rebuild target 'Lab1'
assembling startup_stm32f40xx.s...
assembling ASM_TEA.s...
compiling C_TEA.c...
compiling C_WRAPPER.c...
C_WRAPPER.c(13): warning:  #550-D: variable "value" was set but never used
C_WRAPPER.c(15): warning:  #177-D: variable "encrypted_result" was declared but never referenced
linking...
Program Size: Code=748 RO-data=440 RW-data=2496 ZI-data=1632  
".\Objects\Lab1.axf" - 0 Errors, 2 Warning(s).
Rebuild target 'Lab1'
assembling startup_stm32f40xx.s...
assembling ASM_TEA.s...
compiling C_TEA.c...
compiling C_WRAPPER.c...
C_WRAPPER.c(13): warning:  #550-D: variable "value" was set but never used
C_WRAPPER.c(15): warning:  #177-D: variable "encrypted_result" was declared but never referenced
linking...
Program Size: Code=748 RO-data=440 RW-data=2496 ZI-data=1632  
".\Objects\Lab1.axf" - 0 Errors, 2 Warning(s).
Rebuild target 'Lab1'
assembling startup_stm32f40xx.s...
assembling ASM_TEA.s...
compiling C_TEA.c...
compiling C_WRAPPER.c...
C_WRAPPER.c(13): warning:  #550-D: variable "value" was set but never used
C_WRAPPER.c(15): warning:  #177-D: variable "encrypted_result" was declared but never referenced
linking...
Program Size: Code=748 RO-data=440 RW-data=2496 ZI-data=1632  
".\Objects\Lab1.axf" - 0 Errors, 2 Warning(s).
Rebuild target 'Lab1'
assembling startup_stm32f40xx.s...
assembling ASM_TEA.s...
compiling C_TEA.c...
compiling C_WRAPPER.c...
C_WRAPPER.c(13): warning:  #550-D: variable "value" was set but never used
C_WRAPPER.c(15): warning:  #177-D: variable "encrypted_result" was declared but never referenced
linking...
Program Size: Code=748 RO-data=440 RW-data=2496 ZI-data=1632  
".\Objects\Lab1.axf" - 0 Errors, 2 Warning(s).
Rebuild target 'Lab1'
assembling startup_stm32f40xx.s...
assembling ASM_TEA.s...
compiling C_TEA.c...
compiling C_WRAPPER.c...
C_WRAPPER.c(13): warning:  #550-D: variable "value" was set but never used
C_WRAPPER.c(15): warning:  #177-D: variable "encrypted_result" was declared but never referenced
linking...
Program Size: Code=748 RO-data=440 RW-data=2496 ZI-data=1632  
".\Objects\Lab1.axf" - 0 Errors, 2 Warning(s).
Rebuild target 'Lab1'
assembling startup_stm32f40xx.s...
assembling ASM_TEA.s...
compiling C_TEA.c...
compiling C_WRAPPER.c...
C_WRAPPER.c(13): warning:  #550-D: variable "value" was set but never used
C_WRAPPER.c(15): warning:  #177-D: variable "encrypted_result" was declared but never referenced
linking...
Program Size: Code=748 RO-data=440 RW-data=2496 ZI-data=1632  
".\Objects\Lab1.axf" - 0 Errors, 2 Warning(s).
Rebuild target 'Lab1'
assembling startup_stm32f40xx.s...
assembling ASM_TEA.s...
compiling C_TEA.c...
compiling C_WRAPPER.c...
C_WRAPPER.c(13): warning:  #550-D: variable "value" was set but never used
C_WRAPPER.c(15): warning:  #177-D: variable "encrypted_result" was declared but never referenced
linking...
Program Size: Code=748 RO-data=440 RW-data=2496 ZI-data=1632  
".\Objects\Lab1.axf" - 0 Errors, 2 Warning(s).
Rebuild target 'Lab1'
assembling startup_stm32f40xx.s...
assembling ASM_TEA.s...
compiling C_TEA.c...
compiling C_WRAPPER.c...
C_WRAPPER.c(13): warning:  #550-D: variable "value" was set but never used
C_WRAPPER.c(15): warning:  #177-D: variable "encrypted_result" was declared but never referenced
linking...
Program Size: Code=748 RO-data=440 RW-data=2496 ZI-data=1632  
".\Objects\Lab1.axf" - 0 Errors, 2 Warning(s).
Rebuild target 'Lab1'
assembling startup_stm32f40xx.s...
assembling ASM_TEA.s...
compiling C_TEA.c...
compiling C_WRAPPER.c...
C_WRAPPER.c(13): warning:  #550-D: variable "value" was set but never used
C_WRAPPER.c(15): warning:  #177-D: variable "encrypted_result" was declared but never referenced
linking...
Program Size: Code=748 RO-data=440 RW-data=2496 ZI-data=1632  
".\Objects\Lab1.axf" - 0 Errors, 2 Warning(s).
Rebuild target 'Lab1'
assembling startup_stm32f40xx.s...
assembling ASM_TEA.s...
compiling C_TEA.c...
compiling C_WRAPPER.c...
C_WRAPPER.c(13): warning:  #550-D: variable "value" was set but never used
C_WRAPPER.c(15): warning:  #177-D: variable "encrypted_result" was declared but never referenced
linking...
Program Size: Code=748 RO-data=440 RW-data=2496 ZI-data=1632  
".\Objects\Lab1.axf" - 0 Errors, 2 Warning(s).
Rebuild target 'Lab1'
assembling startup_stm32f40xx.s...
assembling ASM_TEA.s...
compiling C_TEA.c...
compiling C_WRAPPER.c...
C_WRAPPER.c(13): warning:  #550-D: variable "value" was set but never used
C_WRAPPER.c(15): warning:  #177-D: variable "encrypted_result" was declared but never referenced
linking...
Program Size: Code=748 RO-data=440 RW-data=2496 ZI-data=1632  
".\Objects\Lab1.axf" - 0 Errors, 2 Warning(s).
Rebuild target 'Lab1'
assembling startup_stm32f40xx.s...
assembling ASM_TEA.s...
compiling C_TEA.c...
compiling C_WRAPPER.c...
C_WRAPPER.c(13): warning:  #550-D: variable "value" was set but never used
C_WRAPPER.c(15): warning:  #177-D: variable "encrypted_result" was declared but never referenced
linking...
Program Size: Code=748 RO-data=440 RW-data=2496 ZI-data=1632  
".\Objects\Lab1.axf" - 0 Errors, 2 Warning(s).
Rebuild target 'Lab1'
assembling startup_stm32f40xx.s...
assembling ASM_TEA.s...
compiling C_TEA.c...
compiling C_WRAPPER.c...
C_WRAPPER.c(13): warning:  #550-D: variable "value" was set but never used
C_WRAPPER.c(15): warning:  #177-D: variable "encrypted_result" was declared but never referenced
linking...
Program Size: Code=748 RO-data=440 RW-data=2496 ZI-data=1632  
".\Objects\Lab1.axf" - 0 Errors, 2 Warning(s).
Rebuild target 'Lab1'
assembling startup_stm32f40xx.s...
assembling ASM_TEA.s...
compiling C_TEA.c...
compiling C_WRAPPER.c...
C_WRAPPER.c(13): warning:  #550-D: variable "value" was set but never used
C_WRAPPER.c(15): warning:  #177-D: variable "encrypted_result" was declared but never referenced
linking...
Program Size: Code=748 RO-data=440 RW-data=2496 ZI-data=1632  
".\Objects\Lab1.axf" - 0 Errors, 2 Warning(s).
Rebuild target 'Lab1'
assembling startup_stm32f40xx.s...
assembling ASM_TEA.s...
compiling C_TEA.c...
compiling C_WRAPPER.c...
C_WRAPPER.c(13): warning:  #550-D: variable "value" was set but never used
C_WRAPPER.c(15): warning:  #177-D: variable "encrypted_result" was declared but never referenced
linking...
Program Size: Code=748 RO-data=440 RW-data=2496 ZI-data=1632  
".\Objects\Lab1.axf" - 0 Errors, 2 Warning(s).
Rebuild target 'Lab1'
assembling startup_stm32f40xx.s...
assembling ASM_TEA.s...
compiling C_TEA.c...
compiling C_WRAPPER.c...
C_WRAPPER.c(13): warning:  #550-D: variable "value" was set but never used
C_WRAPPER.c(15): warning:  #177-D: variable "encrypted_result" was declared but never referenced
linking...
Program Size: Code=748 RO-data=440 RW-data=2496 ZI-data=1632  
".\Objects\Lab1.axf" - 0 Errors, 2 Warning(s).
Rebuild target 'Lab1'
assembling startup_stm32f40xx.s...
assembling ASM_TEA.s...
compiling C_TEA.c...
compiling C_WRAPPER.c...
C_WRAPPER.c(13): warning:  #550-D: variable "value" was set but never used
C_WRAPPER.c(15): warning:  #177-D: variable "encrypted_result" was declared but never referenced
linking...
Program Size: Code=748 RO-data=440 RW-data=2496 ZI-data=1632  
".\Objects\Lab1.axf" - 0 Errors, 2 Warning(s).
Rebuild target 'Lab1'
assembling startup_stm32f40xx.s...
assembling ASM_TEA.s...
compiling C_TEA.c...
compiling C_WRAPPER.c...
C_WRAPPER.c(13): warning:  #550-D: variable "value" was set but never used
C_WRAPPER.c(15): warning:  #177-D: variable "encrypted_result" was declared but never referenced
linking...
Program Size: Code=748 RO-data=440 RW-data=2496 ZI-data=1632  
".\Objects\Lab1.axf" - 0 Errors, 2 Warning(s).
Rebuild target 'Lab1'
assembling startup_stm32f40xx.s...
assembling ASM_TEA.s...
compiling C_TEA.c...
compiling C_WRAPPER.c...
C_WRAPPER.c(13): warning:  #550-D: variable "value" was set but never used
C_WRAPPER.c(15): warning:  #177-D: variable "encrypted_result" was declared but never referenced
linking...
Program Size: Code=748 RO-data=440 RW-data=2496 ZI-data=1632  
".\Objects\Lab1.axf" - 0 Errors, 2 Warning(s).
Rebuild target 'Lab1'
assembling startup_stm32f40xx.s...
assembling ASM_TEA.s...
compiling C_TEA.c...
compiling C_WRAPPER.c...
C_WRAPPER.c(13): warning:  #550-D: variable "value" was set but never used
C_WRAPPER.c(15): warning:  #177-D: variable "encrypted_result" was declared but never referenced
linking...
Program Size: Code=748 RO-data=440 RW-data=2496 ZI-data=1632  
".\Objects\Lab1.axf" - 0 Errors, 2 Warning(s).
Rebuild target 'Lab1'
assembling startup_stm32f40xx.s...
assembling ASM_TEA.s...
compiling C_TEA.c...
compiling C_WRAPPER.c...
C_WRAPPER.c(13): warning:  #550-D: variable "value" was set but never used
C_WRAPPER.c(15): warning:  #177-D: variable "encrypted_result" was declared but never referenced
linking...
Program Size: Code=748 RO-data=440 RW-data=2496 ZI-data=1632  
".\Objects\Lab1.axf" - 0 Errors, 2 Warning(s).
Rebuild target 'Lab1'
assembling startup_stm32f40xx.s...
assembling ASM_TEA.s...
compiling C_TEA.c...
compiling C_WRAPPER.c...
C_WRAPPER.c(13): warning:  #550-D: variable "value" was set but never used
C_WRAPPER.c(15): warning:  #177-D: variable "encrypted_result" was declared but never referenced
linking...
Program Size: Code=748 RO-data=440 RW-data=2496 ZI-data=1632  
".\Objects\Lab1.axf" - 0 Errors, 2 Warning(s).
Rebuild target 'Lab1'
assembling startup_stm32f40xx.s...
assembling ASM_TEA.s...
compiling C_TEA.c...
compiling C_WRAPPER.c...
C_WRAPPER.c(13): warning:  #550-D: variable "value" was set but never used
C_WRAPPER.c(15): warning:  #177-D: variable "encrypted_result" was declared but never referenced
linking...
Program Size: Code=748 RO-data=440 RW-data=2496 ZI-data=1632  
".\Objects\Lab1.axf" - 0 Errors, 2 Warning(s).
Rebuild target 'Lab1'
assembling startup_stm32f40xx.s...
assembling ASM_TEA.s...
compiling C_TEA.c...
compiling C_WRAPPER.c...
C_WRAPPER.c(13): warning:  #550-D: variable "value" was set but never used
C_WRAPPER.c(15): warning:  #177-D: variable "encrypted_result" was declared but never referenced
linking...
Program Size: Code=748 RO-data=440 RW-data=2496 ZI-data=1632  
".\Objects\Lab1.axf" - 0 Errors, 2 Warning(s).
Rebuild target 'Lab1'
assembling startup_stm32f40xx.s...
assembling ASM_TEA.s...
compiling C_TEA.c...
compiling C_WRAPPER.c...
C_WRAPPER.c(13): warning:  #550-D: variable "value" was set but never used
C_WRAPPER.c(15): warning:  #177-D: variable "encrypted_result" was declared but never referenced
linking...
Program Size: Code=748 RO-data=440 RW-data=2496 ZI-data=1632  
".\Objects\Lab1.axf" - 0 Errors, 2 Warning(s).
Rebuild target 'Lab1'
assembling startup_stm32f40xx.s...
assembling ASM_TEA.s...
compiling C_TEA.c...
compiling C_WRAPPER.c...
C_WRAPPER.c(21): error:  #268: declaration may not appear after executable statement in block
C_WRAPPER.c(23): error:  #268: declaration may not appear after executable statement in block
C_WRAPPER.c(21): warning:  #177-D: variable "value" was declared but never referenced
C_WRAPPER.c(23): warning:  #177-D: variable "encrypted_result" was declared but never referenced
".\Objects\Lab1.axf" - 2 Errors, 2 Warning(s).
Target not created
Rebuild target 'Lab1'
assembling startup_stm32f40xx.s...
assembling ASM_TEA.s...
compiling C_TEA.c...
compiling C_WRAPPER.c...
linking...
Program Size: Code=728 RO-data=440 RW-data=2496 ZI-data=1632  
".\Objects\Lab1.axf" - 0 Errors, 0 Warning(s).
Rebuild target 'Lab1'
assembling startup_stm32f40xx.s...
assembling ASM_TEA.s...
compiling C_TEA.c...
compiling C_WRAPPER.c...
linking...
Program Size: Code=728 RO-data=440 RW-data=2496 ZI-data=1632  
".\Objects\Lab1.axf" - 0 Errors, 0 Warning(s).
Rebuild target 'Lab1'
assembling startup_stm32f40xx.s...
assembling ASM_TEA.s...
compiling C_TEA.c...
compiling C_WRAPPER.c...
linking...
Program Size: Code=728 RO-data=440 RW-data=2496 ZI-data=1632  
".\Objects\Lab1.axf" - 0 Errors, 0 Warning(s).
Rebuild target 'Lab1'
assembling startup_stm32f40xx.s...
assembling ASM_TEA.s...
compiling C_TEA.c...
compiling C_WRAPPER.c...
linking...
Program Size: Code=808 RO-data=528 RW-data=0 ZI-data=1632  
".\Objects\Lab1.axf" - 0 Errors, 0 Warning(s).
Rebuild target 'Lab1'
assembling startup_stm32f40xx.s...
assembling ASM_TEA.s...
compiling C_TEA.c...
compiling C_WRAPPER.c...
linking...
Program Size: Code=808 RO-data=528 RW-data=0 ZI-data=1632  
".\Objects\Lab1.axf" - 0 Errors, 0 Warning(s).
Rebuild target 'Lab1'
assembling startup_stm32f40xx.s...
assembling ASM_TEA.s...
compiling C_TEA.c...
compiling C_WRAPPER.c...
linking...
Program Size: Code=808 RO-data=528 RW-data=0 ZI-data=1632  
".\Objects\Lab1.axf" - 0 Errors, 0 Warning(s).
Rebuild target 'Lab1'
assembling startup_stm32f40xx.s...
assembling ASM_TEA.s...
compiling C_TEA.c...
compiling C_WRAPPER.c...
C_WRAPPER.c(19): error:  #20: identifier "value" is undefined
".\Objects\Lab1.axf" - 1 Errors, 0 Warning(s).
Target not created
Rebuild target 'Lab1'
assembling startup_stm32f40xx.s...
assembling ASM_TEA.s...
compiling C_TEA.c...
compiling C_WRAPPER.c...
C_WRAPPER.c(19): error:  #20: identifier "value" is undefined
".\Objects\Lab1.axf" - 1 Errors, 0 Warning(s).
Target not created
Rebuild target 'Lab1'
assembling startup_stm32f40xx.s...
assembling ASM_TEA.s...
compiling C_TEA.c...
compiling C_WRAPPER.c...
linking...
Program Size: Code=728 RO-data=440 RW-data=2496 ZI-data=1632  
".\Objects\Lab1.axf" - 0 Errors, 0 Warning(s).
Rebuild target 'Lab1'
assembling startup_stm32f40xx.s...
assembling ASM_TEA.s...
compiling C_TEA.c...
compiling C_WRAPPER.c...
linking...
Program Size: Code=728 RO-data=440 RW-data=2496 ZI-data=1632  
".\Objects\Lab1.axf" - 0 Errors, 0 Warning(s).
Rebuild target 'Lab1'
assembling startup_stm32f40xx.s...
assembling ASM_TEA.s...
compiling C_TEA.c...
compiling C_WRAPPER.c...
C_WRAPPER.c(20): warning:  #167-D: argument of type "unsigned int *" is incompatible with parameter of type "unsigned long *"
linking...
Program Size: Code=808 RO-data=528 RW-data=0 ZI-data=1632  
".\Objects\Lab1.axf" - 0 Errors, 1 Warning(s).
Rebuild target 'Lab1'
assembling startup_stm32f40xx.s...
assembling ASM_TEA.s...
compiling C_TEA.c...
compiling C_WRAPPER.c...
linking...
Program Size: Code=808 RO-data=528 RW-data=0 ZI-data=1632  
".\Objects\Lab1.axf" - 0 Errors, 0 Warning(s).
