<html>
<body>
<pre>
<h1>µVision Build Log</h1>
<h2>Project:</h2>
C:\Users\Joshua\Documents\GitHub\Lab1\Lab1.uvproj
Project File Date:  09/24/2013

<h2>Output:</h2>
Build target 'Lab1'
assembling ASM_TEA.s...
linking...
Program Size: Code=348 RO-data=392 RW-data=0 ZI-data=1536  
".\Objects\Lab1.axf" - 0 Errors, 0 Warning(s).
Build target 'Lab1'
compiling C_TEA.c...
linking...
Program Size: Code=348 RO-data=392 RW-data=0 ZI-data=1536  
".\Objects\Lab1.axf" - 0 Errors, 0 Warning(s).
Build target 'Lab1'
compiling C_TEA.c...
C_TEA.c(4): error:  #20: identifier "v" is undefined
C_TEA.c(6): error:  #20: identifier "k" is undefined
C_TEA.c(13): warning:  #1-D: last line of file ends without a newline
".\Objects\Lab1.axf" - 2 Errors, 1 Warning(s).
Target not created
Build target 'Lab1'
compiling C_TEA.c...
C_TEA.c(5): warning:  #1-D: last line of file ends without a newline
linking...
Program Size: Code=348 RO-data=392 RW-data=0 ZI-data=1536  
".\Objects\Lab1.axf" - 0 Errors, 1 Warning(s).
Build target 'Lab1'
compiling C_TEA.c...
linking...
Program Size: Code=348 RO-data=392 RW-data=0 ZI-data=1536  
".\Objects\Lab1.axf" - 0 Errors, 0 Warning(s).
Build target 'Lab1'
compiling C_TEA.c...
C_TEA.c(1): warning:  #161-D: unrecognized #pragma
linking...
Program Size: Code=348 RO-data=392 RW-data=0 ZI-data=1536  
".\Objects\Lab1.axf" - 0 Errors, 1 Warning(s).
Build target 'Lab1'
compiling C_TEA.c...
C_TEA.c(1): warning:  #161-D: unrecognized #pragma
C_TEA.c(3): warning:  #1295-D: Deprecated declaration encrypt - give arg types
linking...
Program Size: Code=348 RO-data=392 RW-data=0 ZI-data=1536  
".\Objects\Lab1.axf" - 0 Errors, 2 Warning(s).
Build target 'Lab1'
compiling C_TEA.c...
C_TEA.c(1): warning:  #161-D: unrecognized #pragma
C_TEA.c(3): warning:  #1295-D: Deprecated declaration encrypt - give arg types
C_TEA.c(5): error:  #147: declaration is incompatible with "int encrypt()" (declared at line 3)
".\Objects\Lab1.axf" - 1 Errors, 2 Warning(s).
Target not created
Build target 'Lab1'
compiling C_TEA.c...
C_TEA.c(1): warning:  #161-D: unrecognized #pragma
C_TEA.c(3): warning:  #1295-D: Deprecated declaration encrypt - give arg types
linking...
Program Size: Code=348 RO-data=392 RW-data=0 ZI-data=1536  
".\Objects\Lab1.axf" - 0 Errors, 2 Warning(s).
Build target 'Lab1'
assembling startup_stm32f40xx.s...
compiling C_TEA.c...
C_TEA.c(1): error:  #20: identifier "AREA" is undefined
C_TEA.c(3): error:  #65: expected a ";"
C_TEA.c(5): warning: At end of source:  #12-D: parsing restarts here after previous syntax error
".\Objects\Lab1.axf" - 2 Errors, 1 Warning(s).
Target not created
Build target 'Lab1'
assembling startup_stm32f40xx.s...
compiling C_TEA.c...
linking...
Program Size: Code=356 RO-data=392 RW-data=0 ZI-data=1536  
".\Objects\Lab1.axf" - 0 Errors, 0 Warning(s).
Build target 'Lab1'
assembling startup_stm32f40xx.s...
compiling C_TEA.c...
C_TEA.c(1): error:  #18: expected a ")"
C_TEA.c(1): error:  #141-D: unnamed prototyped parameters not allowed when body is present
C_TEA.c(4): error:  #20: identifier "k" is undefined
C_TEA.c(7): error:  #20: identifier "data" is undefined
C_TEA.c(7): error:  #20: identifier "key" is undefined
C_TEA.c(10): error:  #118: a void function may not return a value
C_TEA.c(10): error:  #20: identifier "data" is undefined
compiling C_WRAPPER.c...
C_WRAPPER.c(3): warning:  #951-D: return type of function "main" must be "int"
C_WRAPPER.c(4): warning:  #1-D: last line of file ends without a newline
C_WRAPPER.c(4): error: At end of source:  #67: expected a "}"
".\Objects\Lab1.axf" - 8 Errors, 2 Warning(s).
Target not created
Build target 'Lab1'
compiling C_TEA.c...
C_TEA.c(1): error:  #18: expected a ")"
C_TEA.c(1): error:  #141-D: unnamed prototyped parameters not allowed when body is present
C_TEA.c(4): error:  #20: identifier "k" is undefined
C_TEA.c(7): error:  #20: identifier "data" is undefined
C_TEA.c(7): error:  #20: identifier "key" is undefined
C_TEA.c(10): error:  #20: identifier "data" is undefined
compiling C_WRAPPER.c...
C_WRAPPER.c(3): warning:  #951-D: return type of function "main" must be "int"
C_WRAPPER.c(4): warning:  #1-D: last line of file ends without a newline
C_WRAPPER.c(4): error: At end of source:  #67: expected a "}"
".\Objects\Lab1.axf" - 7 Errors, 2 Warning(s).
Target not created
Build target 'Lab1'
compiling C_TEA.c...
C_TEA.c(1): error:  #18: expected a ")"
C_TEA.c(1): error:  #141-D: unnamed prototyped parameters not allowed when body is present
C_TEA.c(4): error:  #20: identifier "k" is undefined
C_TEA.c(7): error:  #20: identifier "data" is undefined
C_TEA.c(7): error:  #20: identifier "key" is undefined
C_TEA.c(10): error:  #20: identifier "data" is undefined
compiling C_WRAPPER.c...
C_WRAPPER.c(3): warning:  #951-D: return type of function "main" must be "int"
C_WRAPPER.c(4): warning:  #1-D: last line of file ends without a newline
C_WRAPPER.c(4): error: At end of source:  #67: expected a "}"
".\Objects\Lab1.axf" - 7 Errors, 2 Warning(s).
Target not created
Build target 'Lab1'
compiling C_TEA.c...
C_TEA.c(4): error:  #20: identifier "k" is undefined
C_TEA.c(10): error:  #120: return value type does not match the function type
compiling C_WRAPPER.c...
C_WRAPPER.c(3): warning:  #951-D: return type of function "main" must be "int"
C_WRAPPER.c(4): warning:  #1-D: last line of file ends without a newline
C_WRAPPER.c(4): error: At end of source:  #67: expected a "}"
".\Objects\Lab1.axf" - 3 Errors, 2 Warning(s).
Target not created
Build target 'Lab1'
compiling C_TEA.c...
C_TEA.c(9): error:  #120: return value type does not match the function type
compiling C_WRAPPER.c...
C_WRAPPER.c(3): warning:  #951-D: return type of function "main" must be "int"
C_WRAPPER.c(4): warning:  #1-D: last line of file ends without a newline
C_WRAPPER.c(4): error: At end of source:  #67: expected a "}"
".\Objects\Lab1.axf" - 2 Errors, 2 Warning(s).
Target not created
Build target 'Lab1'
compiling C_TEA.c...
C_TEA.c(1): error:  #40: expected an identifier
C_TEA.c(1): error:  #65: expected a ";"
C_TEA.c(10): warning: At end of source:  #12-D: parsing restarts here after previous syntax error
compiling C_WRAPPER.c...
C_WRAPPER.c(3): warning:  #951-D: return type of function "main" must be "int"
C_WRAPPER.c(4): warning:  #1-D: last line of file ends without a newline
C_WRAPPER.c(4): error: At end of source:  #67: expected a "}"
".\Objects\Lab1.axf" - 3 Errors, 3 Warning(s).
Target not created
Build target 'Lab1'
compiling C_TEA.c...
C_TEA.c(1): error:  #40: expected an identifier
C_TEA.c(1): error:  #65: expected a ";"
C_TEA.c(10): warning: At end of source:  #12-D: parsing restarts here after previous syntax error
compiling C_WRAPPER.c...
C_WRAPPER.c(3): warning:  #951-D: return type of function "main" must be "int"
C_WRAPPER.c(4): warning:  #1-D: last line of file ends without a newline
C_WRAPPER.c(4): error: At end of source:  #67: expected a "}"
".\Objects\Lab1.axf" - 3 Errors, 3 Warning(s).
Target not created
Build target 'Lab1'
compiling C_TEA.c...
C_TEA.c(9): error:  #120: return value type does not match the function type
compiling C_WRAPPER.c...
C_WRAPPER.c(3): warning:  #951-D: return type of function "main" must be "int"
C_WRAPPER.c(4): warning:  #1-D: last line of file ends without a newline
C_WRAPPER.c(4): error: At end of source:  #67: expected a "}"
".\Objects\Lab1.axf" - 2 Errors, 2 Warning(s).
Target not created
Build target 'Lab1'
compiling C_TEA.c...
C_TEA.c(9): error:  #29: expected an expression
compiling C_WRAPPER.c...
C_WRAPPER.c(3): warning:  #951-D: return type of function "main" must be "int"
C_WRAPPER.c(4): warning:  #1-D: last line of file ends without a newline
C_WRAPPER.c(4): error: At end of source:  #67: expected a "}"
".\Objects\Lab1.axf" - 2 Errors, 2 Warning(s).
Target not created
Build target 'Lab1'
compiling C_TEA.c...
C_TEA.c(9): error:  #120: return value type does not match the function type
compiling C_WRAPPER.c...
C_WRAPPER.c(3): warning:  #951-D: return type of function "main" must be "int"
C_WRAPPER.c(4): warning:  #1-D: last line of file ends without a newline
C_WRAPPER.c(4): error: At end of source:  #67: expected a "}"
".\Objects\Lab1.axf" - 2 Errors, 2 Warning(s).
Target not created
Build target 'Lab1'
compiling C_TEA.c...
C_TEA.c(1): error:  #40: expected an identifier
C_TEA.c(1): error:  #65: expected a ";"
C_TEA.c(10): warning: At end of source:  #12-D: parsing restarts here after previous syntax error
compiling C_WRAPPER.c...
C_WRAPPER.c(3): warning:  #951-D: return type of function "main" must be "int"
C_WRAPPER.c(4): warning:  #1-D: last line of file ends without a newline
C_WRAPPER.c(4): error: At end of source:  #67: expected a "}"
".\Objects\Lab1.axf" - 3 Errors, 3 Warning(s).
Target not created
Build target 'Lab1'
compiling C_TEA.c...
compiling C_WRAPPER.c...
C_WRAPPER.c(3): warning:  #951-D: return type of function "main" must be "int"
C_WRAPPER.c(4): warning:  #1-D: last line of file ends without a newline
C_WRAPPER.c(4): error: At end of source:  #67: expected a "}"
".\Objects\Lab1.axf" - 1 Errors, 2 Warning(s).
Target not created
Build target 'Lab1'
compiling C_TEA.c...
compiling C_WRAPPER.c...
C_WRAPPER.c(5): warning:  #951-D: return type of function "main" must be "int"
C_WRAPPER.c(9): warning:  #1-D: last line of file ends without a newline
C_WRAPPER.c(9): error:  #29: expected an expression
C_WRAPPER.c(9): error:  #32: expression must have arithmetic type
C_WRAPPER.c(6): warning:  #177-D: variable "key" was declared but never referenced
C_WRAPPER.c(7): warning:  #177-D: variable "value" was declared but never referenced
C_WRAPPER.c(9): error: At end of source:  #67: expected a "}"
".\Objects\Lab1.axf" - 3 Errors, 4 Warning(s).
Target not created
Build target 'Lab1'
compiling C_WRAPPER.c...
C_WRAPPER.c(5): warning:  #951-D: return type of function "main" must be "int"
C_WRAPPER.c(9): warning:  #1-D: last line of file ends without a newline
C_WRAPPER.c(9): error:  #137: expression must be a modifiable lvalue
C_WRAPPER.c(9): error: At end of source:  #67: expected a "}"
".\Objects\Lab1.axf" - 2 Errors, 2 Warning(s).
Target not created
Build target 'Lab1'
compiling C_WRAPPER.c...
C_WRAPPER.c(5): warning:  #951-D: return type of function "main" must be "int"
C_WRAPPER.c(9): error:  #137: expression must be a modifiable lvalue
C_WRAPPER.c(10): error:  #118: a void function may not return a value
C_WRAPPER.c(11): warning:  #1-D: last line of file ends without a newline
".\Objects\Lab1.axf" - 2 Errors, 2 Warning(s).
Target not created
Build target 'Lab1'
compiling C_WRAPPER.c...
C_WRAPPER.c(9): error:  #137: expression must be a modifiable lvalue
C_WRAPPER.c(11): warning:  #1-D: last line of file ends without a newline
".\Objects\Lab1.axf" - 1 Errors, 1 Warning(s).
Target not created
Build target 'Lab1'
compiling C_WRAPPER.c...
C_WRAPPER.c(9): error:  #137: expression must be a modifiable lvalue
".\Objects\Lab1.axf" - 1 Errors, 0 Warning(s).
Target not created
Build target 'Lab1'
compiling C_WRAPPER.c...
C_WRAPPER.c(9): error:  #137: expression must be a modifiable lvalue
".\Objects\Lab1.axf" - 1 Errors, 0 Warning(s).
Target not created
Build target 'Lab1'
compiling C_WRAPPER.c...
C_WRAPPER.c(9): error:  #513: a value of type "unsigned int *" cannot be assigned to an entity of type "unsigned int"
C_WRAPPER.c(8): warning:  #550-D: variable "encrypted_value" was set but never used
".\Objects\Lab1.axf" - 1 Errors, 1 Warning(s).
Target not created
Build target 'Lab1'
compiling C_WRAPPER.c...
C_WRAPPER.c(9): error:  #137: expression must be a modifiable lvalue
".\Objects\Lab1.axf" - 1 Errors, 0 Warning(s).
Target not created
Build target 'Lab1'
compiling C_WRAPPER.c...
C_WRAPPER.c(9): error:  #137: expression must be a modifiable lvalue
".\Objects\Lab1.axf" - 1 Errors, 0 Warning(s).
Target not created
Build target 'Lab1'
compiling C_WRAPPER.c...
C_WRAPPER.c(9): error:  #137: expression must be a modifiable lvalue
".\Objects\Lab1.axf" - 1 Errors, 0 Warning(s).
Target not created
Build target 'Lab1'
compiling C_WRAPPER.c...
C_WRAPPER.c(9): error:  #137: expression must be a modifiable lvalue
".\Objects\Lab1.axf" - 1 Errors, 0 Warning(s).
Target not created
Build target 'Lab1'
compiling C_WRAPPER.c...
C_WRAPPER.c(9): error:  #137: expression must be a modifiable lvalue
".\Objects\Lab1.axf" - 1 Errors, 0 Warning(s).
Target not created
Build target 'Lab1'
compiling C_TEA.c...
compiling C_WRAPPER.c...
C_WRAPPER.c(9): error:  #137: expression must be a modifiable lvalue
".\Objects\Lab1.axf" - 1 Errors, 0 Warning(s).
Target not created
Build target 'Lab1'
compiling C_WRAPPER.c...
C_WRAPPER.c(9): error:  #137: expression must be a modifiable lvalue
".\Objects\Lab1.axf" - 1 Errors, 0 Warning(s).
Target not created
Build target 'Lab1'
compiling C_WRAPPER.c...
C_WRAPPER.c(9): error:  #158: expression must be an lvalue or a function designator
C_WRAPPER.c(9): error:  #137: expression must be a modifiable lvalue
".\Objects\Lab1.axf" - 2 Errors, 0 Warning(s).
Target not created
Build target 'Lab1'
compiling C_WRAPPER.c...
C_WRAPPER.c(9): error:  #137: expression must be a modifiable lvalue
".\Objects\Lab1.axf" - 1 Errors, 0 Warning(s).
Target not created
Build target 'Lab1'
compiling C_WRAPPER.c...
C_WRAPPER.c(9): error:  #137: expression must be a modifiable lvalue
".\Objects\Lab1.axf" - 1 Errors, 0 Warning(s).
Target not created
Build target 'Lab1'
compiling C_TEA.c...
compiling C_WRAPPER.c...
C_WRAPPER.c(9): error:  #137: expression must be a modifiable lvalue
".\Objects\Lab1.axf" - 1 Errors, 0 Warning(s).
Target not created
Build target 'Lab1'
compiling C_WRAPPER.c...
C_WRAPPER.c(8): warning:  #550-D: variable "encrypted_value" was set but never used
linking...
Program Size: Code=732 RO-data=432 RW-data=0 ZI-data=1632  
".\Objects\Lab1.axf" - 0 Errors, 1 Warning(s).
Build target 'Lab1'
compiling C_WRAPPER.c...
linking...
Program Size: Code=736 RO-data=432 RW-data=0 ZI-data=1632  
".\Objects\Lab1.axf" - 0 Errors, 0 Warning(s).
Build target 'Lab1'
compiling C_WRAPPER.c...
C_WRAPPER.c(2): error:  #5: cannot open source input file "malloc.h": No such file or directory
".\Objects\Lab1.axf" - 1 Errors, 0 Warning(s).
Target not created
Build target 'Lab1'
compiling C_WRAPPER.c...
C_WRAPPER.c(9): warning:  #223-D: function "malloc" declared implicitly
C_WRAPPER.c(9): error:  #144: a value of type "int" cannot be used to initialize an entity of type "unsigned int *"
".\Objects\Lab1.axf" - 1 Errors, 1 Warning(s).
Target not created
Build target 'Lab1'
compiling C_WRAPPER.c...
C_WRAPPER.c(8): warning:  #223-D: function "malloc" declared implicitly
C_WRAPPER.c(8): error:  #144: a value of type "int" cannot be used to initialize an entity of type "unsigned int *"
".\Objects\Lab1.axf" - 1 Errors, 1 Warning(s).
Target not created
Build target 'Lab1'
compiling C_WRAPPER.c...
C_WRAPPER.c(8): warning:  #223-D: function "malloc" declared implicitly
C_WRAPPER.c(8): error:  #144: a value of type "int" cannot be used to initialize an entity of type "unsigned int *"
C_WRAPPER.c(10): warning:  #223-D: function "free" declared implicitly
".\Objects\Lab1.axf" - 1 Errors, 2 Warning(s).
Target not created
Build target 'Lab1'
compiling C_WRAPPER.c...
linking...
Program Size: Code=1416 RO-data=448 RW-data=4 ZI-data=1636  
".\Objects\Lab1.axf" - 0 Errors, 0 Warning(s).
Build target 'Lab1'
assembling startup_stm32f40xx.s...
compiling C_WRAPPER.c...
linking...
Program Size: Code=1420 RO-data=448 RW-data=4 ZI-data=1636  
".\Objects\Lab1.axf" - 0 Errors, 0 Warning(s).
Build target 'Lab1'
compiling C_WRAPPER.c...
linking...
Program Size: Code=4028 RO-data=500 RW-data=16 ZI-data=1888  
".\Objects\Lab1.axf" - 0 Errors, 0 Warning(s).
Build target 'Lab1'
compiling C_WRAPPER.c...
C_WRAPPER.c(12): error:  #268: declaration may not appear after executable statement in block
C_WRAPPER.c(12): error:  #20: identifier "save" is undefined
C_WRAPPER.c(12): error:  #65: expected a ";"
".\Objects\Lab1.axf" - 3 Errors, 0 Warning(s).
Target not created
Build target 'Lab1'
compiling C_WRAPPER.c...
linking...
Program Size: Code=4028 RO-data=500 RW-data=16 ZI-data=1888  
".\Objects\Lab1.axf" - 0 Errors, 0 Warning(s).
Build target 'Lab1'
compiling C_TEA.c...
C_TEA.c(20): warning:  #940-D: missing return statement at end of non-void function "decrypt"
linking...
Program Size: Code=4116 RO-data=500 RW-data=16 ZI-data=1888  
".\Objects\Lab1.axf" - 0 Errors, 1 Warning(s).
Build target 'Lab1'
compiling C_TEA.c...
linking...
Program Size: Code=4112 RO-data=500 RW-data=16 ZI-data=1888  
".\Objects\Lab1.axf" - 0 Errors, 0 Warning(s).
Build target 'Lab1'
compiling C_WRAPPER.c...
linking...
Program Size: Code=1528 RO-data=448 RW-data=4 ZI-data=1636  
".\Objects\Lab1.axf" - 0 Errors, 0 Warning(s).
Build target 'Lab1'
compiling C_WRAPPER.c...
C_WRAPPER.c(10): error:  #137: expression must be a modifiable lvalue
C_WRAPPER.c(11): error:  #137: expression must be a modifiable lvalue
".\Objects\Lab1.axf" - 2 Errors, 0 Warning(s).
Target not created
Build target 'Lab1'
compiling C_WRAPPER.c...
C_WRAPPER.c(10): error:  #29: expected an expression
C_WRAPPER.c(11): error:  #268: declaration may not appear after executable statement in block
C_WRAPPER.c(11): error:  #101: "value" has already been declared in the current scope
C_WRAPPER.c(12): error:  #137: expression must be a modifiable lvalue
C_WRAPPER.c(13): error:  #137: expression must be a modifiable lvalue
".\Objects\Lab1.axf" - 5 Errors, 0 Warning(s).
Target not created
Build target 'Lab1'
compiling C_WRAPPER.c...
linking...
Program Size: Code=1508 RO-data=440 RW-data=4 ZI-data=1636  
".\Objects\Lab1.axf" - 0 Errors, 0 Warning(s).
Build target 'Lab1'
compiling C_WRAPPER.c...
linking...
Program Size: Code=1508 RO-data=440 RW-data=4 ZI-data=1636  
".\Objects\Lab1.axf" - 0 Errors, 0 Warning(s).
Build target 'Lab1'
compiling C_WRAPPER.c...
linking...
Program Size: Code=1528 RO-data=448 RW-data=4 ZI-data=1636  
".\Objects\Lab1.axf" - 0 Errors, 0 Warning(s).
Build target 'Lab1'
compiling C_WRAPPER.c...
linking...
Program Size: Code=1528 RO-data=448 RW-data=4 ZI-data=1636  
".\Objects\Lab1.axf" - 0 Errors, 0 Warning(s).
Build target 'Lab1'
compiling C_WRAPPER.c...
C_WRAPPER.c(10): error:  #144: a value of type "void *" cannot be used to initialize an entity of type "unsigned int"
C_WRAPPER.c(11): error:  #142: expression must have pointer-to-object type
C_WRAPPER.c(12): error:  #142: expression must have pointer-to-object type
C_WRAPPER.c(13): error:  #268: declaration may not appear after executable statement in block
C_WRAPPER.c(14): error:  #268: declaration may not appear after executable statement in block
C_WRAPPER.c(15): error:  #167: argument of type "unsigned int" is incompatible with parameter of type "unsigned int *"
C_WRAPPER.c(16): error:  #167: argument of type "unsigned int" is incompatible with parameter of type "unsigned int *"
".\Objects\Lab1.axf" - 7 Errors, 0 Warning(s).
Target not created
Build target 'Lab1'
compiling C_WRAPPER.c...
C_WRAPPER.c(13): error:  #268: declaration may not appear after executable statement in block
C_WRAPPER.c(14): error:  #268: declaration may not appear after executable statement in block
".\Objects\Lab1.axf" - 2 Errors, 0 Warning(s).
Target not created
Build target 'Lab1'
compiling C_WRAPPER.c...
C_WRAPPER.c(8): warning:  #177-D: variable "key" was declared but never referenced
linking...
Program Size: Code=1320 RO-data=440 RW-data=4 ZI-data=1636  
".\Objects\Lab1.axf" - 0 Errors, 1 Warning(s).
Build target 'Lab1'
compiling C_WRAPPER.c...
C_WRAPPER.c(13): error:  #268: declaration may not appear after executable statement in block
".\Objects\Lab1.axf" - 1 Errors, 0 Warning(s).
Target not created
Build target 'Lab1'
compiling C_WRAPPER.c...
linking...
Program Size: Code=1500 RO-data=440 RW-data=4 ZI-data=1636  
".\Objects\Lab1.axf" - 0 Errors, 0 Warning(s).
Build target 'Lab1'
compiling C_WRAPPER.c...
linking...
Program Size: Code=1500 RO-data=440 RW-data=4 ZI-data=1636  
".\Objects\Lab1.axf" - 0 Errors, 0 Warning(s).
Build target 'Lab1'
compiling C_WRAPPER.c...
C_WRAPPER.c(13): error:  #268: declaration may not appear after executable statement in block
".\Objects\Lab1.axf" - 1 Errors, 0 Warning(s).
Target not created
Build target 'Lab1'
compiling C_WRAPPER.c...
linking...
Program Size: Code=1500 RO-data=440 RW-data=4 ZI-data=1636  
".\Objects\Lab1.axf" - 0 Errors, 0 Warning(s).
Build target 'Lab1'
compiling C_WRAPPER.c...
linking...
Program Size: Code=1500 RO-data=440 RW-data=4 ZI-data=1636  
".\Objects\Lab1.axf" - 0 Errors, 0 Warning(s).
Build target 'Lab1'
compiling C_WRAPPER.c...
C_WRAPPER.c(13): error:  #268: declaration may not appear after executable statement in block
".\Objects\Lab1.axf" - 1 Errors, 0 Warning(s).
Target not created
Build target 'Lab1'
compiling C_WRAPPER.c...
C_WRAPPER.c(13): error:  #268: declaration may not appear after executable statement in block
".\Objects\Lab1.axf" - 1 Errors, 0 Warning(s).
Target not created
Build target 'Lab1'
compiling C_WRAPPER.c...
linking...
Program Size: Code=1500 RO-data=440 RW-data=4 ZI-data=1636  
".\Objects\Lab1.axf" - 0 Errors, 0 Warning(s).
Build target 'Lab1'
compiling C_WRAPPER.c...
C_WRAPPER.c(13): error:  #268: declaration may not appear after executable statement in block
".\Objects\Lab1.axf" - 1 Errors, 0 Warning(s).
Target not created
Build target 'Lab1'
compiling C_WRAPPER.c...
C_WRAPPER.c(13): error:  #268: declaration may not appear after executable statement in block
".\Objects\Lab1.axf" - 1 Errors, 0 Warning(s).
Target not created
Build target 'Lab1'
compiling C_WRAPPER.c...
linking...
Program Size: Code=1496 RO-data=440 RW-data=4 ZI-data=1636  
".\Objects\Lab1.axf" - 0 Errors, 0 Warning(s).
Build target 'Lab1'
compiling C_WRAPPER.c...
linking...
Program Size: Code=1500 RO-data=440 RW-data=4 ZI-data=1636  
".\Objects\Lab1.axf" - 0 Errors, 0 Warning(s).
Build target 'Lab1'
linking...
Program Size: Code=1500 RO-data=440 RW-data=4 ZI-data=1636  
".\Objects\Lab1.axf" - 0 Errors, 0 Warning(s).
Build target 'Lab1'
compiling C_WRAPPER.c...
linking...
Program Size: Code=1500 RO-data=440 RW-data=4 ZI-data=1636  
".\Objects\Lab1.axf" - 0 Errors, 0 Warning(s).
Build target 'Lab1'
compiling C_WRAPPER.c...
linking...
Program Size: Code=1500 RO-data=440 RW-data=4 ZI-data=1636  
".\Objects\Lab1.axf" - 0 Errors, 0 Warning(s).
Build target 'Lab1'
compiling C_WRAPPER.c...
C_WRAPPER.c(11): error:  #75: operand of "*" must be a pointer
C_WRAPPER.c(12): error:  #75: operand of "*" must be a pointer
".\Objects\Lab1.axf" - 2 Errors, 0 Warning(s).
Target not created
Build target 'Lab1'
compiling C_WRAPPER.c...
C_WRAPPER.c(12): error:  #75: operand of "*" must be a pointer
C_WRAPPER.c(15): warning:  #167-D: argument of type "int *" is incompatible with parameter of type "unsigned int *"
C_WRAPPER.c(15): warning:  #513-D: a value of type "unsigned int *" cannot be assigned to an entity of type "int *"
".\Objects\Lab1.axf" - 1 Errors, 2 Warning(s).
Target not created
Build target 'Lab1'
compiling C_WRAPPER.c...
C_WRAPPER.c(12): error:  #75: operand of "*" must be a pointer
".\Objects\Lab1.axf" - 1 Errors, 0 Warning(s).
Target not created
Build target 'Lab1'
compiling C_WRAPPER.c...
C_WRAPPER.c(12): error:  #75: operand of "*" must be a pointer
".\Objects\Lab1.axf" - 1 Errors, 0 Warning(s).
Target not created
Build target 'Lab1'
compiling C_WRAPPER.c...
C_WRAPPER.c(12): error:  #142: expression must have pointer-to-object type
".\Objects\Lab1.axf" - 1 Errors, 0 Warning(s).
Target not created
Build target 'Lab1'
compiling C_WRAPPER.c...
linking...
Program Size: Code=1500 RO-data=440 RW-data=4 ZI-data=1636  
".\Objects\Lab1.axf" - 0 Errors, 0 Warning(s).
Build target 'Lab1'
compiling C_WRAPPER.c...
linking...
Program Size: Code=1500 RO-data=440 RW-data=4 ZI-data=1636  
".\Objects\Lab1.axf" - 0 Errors, 0 Warning(s).
Build target 'Lab1'
linking...
Program Size: Code=1500 RO-data=440 RW-data=4 ZI-data=1636  
".\Objects\Lab1.axf" - 0 Errors, 0 Warning(s).
Build target 'Lab1'
compiling C_WRAPPER.c...
linking...
Program Size: Code=1500 RO-data=440 RW-data=4 ZI-data=1636  
".\Objects\Lab1.axf" - 0 Errors, 0 Warning(s).
Build target 'Lab1'
compiling C_WRAPPER.c...
C_WRAPPER.c(14): error:  #137: expression must be a modifiable lvalue
".\Objects\Lab1.axf" - 1 Errors, 0 Warning(s).
Target not created
Build target 'Lab1'
compiling C_TEA.c...
compiling C_WRAPPER.c...
linking...
Program Size: Code=908 RO-data=432 RW-data=0 ZI-data=1632  
".\Objects\Lab1.axf" - 0 Errors, 0 Warning(s).
Build target 'Lab1'
compiling C_WRAPPER.c...
linking...
Program Size: Code=820 RO-data=432 RW-data=0 ZI-data=1632  
".\Objects\Lab1.axf" - 0 Errors, 0 Warning(s).
Build target 'Lab1'
compiling C_TEA.c...
compiling C_WRAPPER.c...
C_WRAPPER.c(14): error:  #20: identifier "data" is undefined
C_WRAPPER.c(11): warning:  #177-D: variable "value" was declared but never referenced
".\Objects\Lab1.axf" - 1 Errors, 1 Warning(s).
Target not created
Build target 'Lab1'
compiling C_WRAPPER.c...
linking...
Program Size: Code=652 RO-data=432 RW-data=0 ZI-data=1632  
".\Objects\Lab1.axf" - 0 Errors, 0 Warning(s).
Build target 'Lab1'
compiling C_WRAPPER.c...
C_WRAPPER.c(6): error:  #40: expected an identifier
C_WRAPPER.c(6): error:  #65: expected a ";"
C_WRAPPER.c(14): warning:  #223-D: function "ASM_TEA_ENCRYPT" declared implicitly
C_WRAPPER.c(14): error:  #137: expression must be a modifiable lvalue
".\Objects\Lab1.axf" - 3 Errors, 1 Warning(s).
Target not created
Build target 'Lab1'
compiling C_WRAPPER.c...
C_WRAPPER.c(14): error:  #137: expression must be a modifiable lvalue
".\Objects\Lab1.axf" - 1 Errors, 0 Warning(s).
Target not created
Build target 'Lab1'
compiling C_WRAPPER.c...
C_WRAPPER.c(14): error:  #137: expression must be a modifiable lvalue
".\Objects\Lab1.axf" - 1 Errors, 0 Warning(s).
Target not created
Build target 'Lab1'
compiling C_TEA.c...
C_TEA.c(2): error:  #29: expected an expression
C_TEA.c(2): error:  #20: identifier "i" is undefined
C_TEA.c(4): error:  #29: expected an expression
C_TEA.c(4): error:  #20: identifier "j" is undefined
compiling C_WRAPPER.c...
C_WRAPPER.c(14): error:  #137: expression must be a modifiable lvalue
".\Objects\Lab1.axf" - 5 Errors, 0 Warning(s).
Target not created
Build target 'Lab1'
compiling C_TEA.c...
C_TEA.c(2): error:  #29: expected an expression
C_TEA.c(2): error:  #20: identifier "i" is undefined
C_TEA.c(3): error:  #67: expected a "}"
C_TEA.c(5): error:  #29: expected an expression
C_TEA.c(5): error:  #20: identifier "j" is undefined
compiling C_WRAPPER.c...
C_WRAPPER.c(10): error:  #165: too few arguments in function call
C_WRAPPER.c(11): error:  #165: too few arguments in function call
".\Objects\Lab1.axf" - 7 Errors, 0 Warning(s).
Target not created
Build target 'Lab1'
compiling C_TEA.c...
C_TEA.c(4): error:  #67: expected a "}"
C_TEA.c(4): warning:  #177-D: variable "value" was declared but never referenced
compiling C_WRAPPER.c...
C_WRAPPER.c(10): error:  #165: too few arguments in function call
C_WRAPPER.c(11): error:  #165: too few arguments in function call
".\Objects\Lab1.axf" - 3 Errors, 1 Warning(s).
Target not created
Build target 'Lab1'
compiling C_TEA.c...
C_TEA.c(4): error:  #67: expected a "}"
C_TEA.c(4): warning:  #177-D: variable "value" was declared but never referenced
compiling C_WRAPPER.c...
C_WRAPPER.c(10): error:  #165: too few arguments in function call
C_WRAPPER.c(11): error:  #165: too few arguments in function call
".\Objects\Lab1.axf" - 3 Errors, 1 Warning(s).
Target not created
Build target 'Lab1'
compiling C_TEA.c...
C_TEA.c(4): error:  #28: expression must have a constant value
C_TEA.c(4): error:  #28: expression must have a constant value
C_TEA.c(4): error:  #28: expression must have a constant value
C_TEA.c(4): error:  #28: expression must have a constant value
C_TEA.c(4): error:  #28: expression must have a constant value
C_TEA.c(4): error:  #28: expression must have a constant value
C_TEA.c(4): error:  #28: expression must have a constant value
C_TEA.c(4): error:  #28: expression must have a constant value
C_TEA.c(4): warning:  #177-D: variable "value" was declared but never referenced
compiling C_WRAPPER.c...
C_WRAPPER.c(10): error:  #165: too few arguments in function call
C_WRAPPER.c(11): error:  #165: too few arguments in function call
".\Objects\Lab1.axf" - 10 Errors, 1 Warning(s).
Target not created
Build target 'Lab1'
compiling C_TEA.c...
C_TEA.c(4): warning:  #520-D: initialization with "{...}" expected for aggregate object
C_TEA.c(4): error:  #20: identifier "new" is undefined
C_TEA.c(4): error:  #65: expected a ";"
C_TEA.c(4): warning:  #177-D: variable "value" was declared but never referenced
compiling C_WRAPPER.c...
C_WRAPPER.c(10): error:  #165: too few arguments in function call
C_WRAPPER.c(11): error:  #165: too few arguments in function call
".\Objects\Lab1.axf" - 4 Errors, 2 Warning(s).
Target not created
Build target 'Lab1'
compiling C_TEA.c...
C_TEA.c(7): error:  #268: declaration may not appear after executable statement in block
C_TEA.c(10): warning:  #1441-D: nonstandard cast on lvalue
C_TEA.c(10): error:  #65: expected a ";"
C_TEA.c(11): warning:  #1441-D: nonstandard cast on lvalue
C_TEA.c(4): warning:  #550-D: variable "value" was set but never used
compiling C_WRAPPER.c...
C_WRAPPER.c(10): error:  #165: too few arguments in function call
C_WRAPPER.c(11): error:  #165: too few arguments in function call
".\Objects\Lab1.axf" - 4 Errors, 3 Warning(s).
Target not created
Build target 'Lab1'
compiling C_TEA.c...
C_TEA.c(10): warning:  #1441-D: nonstandard cast on lvalue
C_TEA.c(10): error:  #65: expected a ";"
C_TEA.c(11): warning:  #1441-D: nonstandard cast on lvalue
C_TEA.c(4): warning:  #550-D: variable "value" was set but never used
compiling C_WRAPPER.c...
C_WRAPPER.c(10): error:  #165: too few arguments in function call
C_WRAPPER.c(11): error:  #165: too few arguments in function call
".\Objects\Lab1.axf" - 3 Errors, 3 Warning(s).
Target not created
Build target 'Lab1'
compiling C_TEA.c...
compiling C_WRAPPER.c...
C_WRAPPER.c(10): error:  #165: too few arguments in function call
C_WRAPPER.c(11): error:  #165: too few arguments in function call
".\Objects\Lab1.axf" - 2 Errors, 0 Warning(s).
Target not created
Build target 'Lab1'
compiling C_TEA.c...
C_TEA.c(6): warning:  #223-D: function "memcpy" declared implicitly
C_TEA.c(10): error:  #29: expected an expression
C_TEA.c(28): warning: At end of source:  #12-D: parsing restarts here after previous syntax error
C_TEA.c(28): error: At end of source:  #65: expected a ";"
C_TEA.c(28): error: At end of source:  #67: expected a "}"
C_TEA.c(28): warning: At end of source:  #940-D: missing return statement at end of non-void function "c_tea_encrypt_string"
C_TEA.c(28): error: At end of source:  #67: expected a "}"
compiling C_WRAPPER.c...
C_WRAPPER.c(10): error:  #165: too few arguments in function call
C_WRAPPER.c(11): error:  #165: too few arguments in function call
".\Objects\Lab1.axf" - 6 Errors, 3 Warning(s).
Target not created
Build target 'Lab1'
compiling C_TEA.c...
C_TEA.c(10): error:  #29: expected an expression
C_TEA.c(28): warning: At end of source:  #12-D: parsing restarts here after previous syntax error
C_TEA.c(28): error: At end of source:  #65: expected a ";"
C_TEA.c(28): error: At end of source:  #67: expected a "}"
C_TEA.c(28): warning: At end of source:  #940-D: missing return statement at end of non-void function "c_tea_encrypt_string"
C_TEA.c(28): error: At end of source:  #67: expected a "}"
compiling C_WRAPPER.c...
C_WRAPPER.c(10): error:  #165: too few arguments in function call
C_WRAPPER.c(11): error:  #165: too few arguments in function call
".\Objects\Lab1.axf" - 6 Errors, 2 Warning(s).
Target not created
Build target 'Lab1'
compiling C_TEA.c...
C_TEA.c(26): error:  #101: "result" has already been declared in the current scope
C_TEA.c(28): error:  #20: identifier "value" is undefined
C_TEA.c(32): error:  #29: expected an expression
C_TEA.c(32): error:  #65: expected a ";"
C_TEA.c(26): warning:  #177-D: variable "result" was declared but never referenced
compiling C_WRAPPER.c...
C_WRAPPER.c(9): error:  #165: too few arguments in function call
C_WRAPPER.c(10): error:  #165: too few arguments in function call
".\Objects\Lab1.axf" - 6 Errors, 1 Warning(s).
Target not created
Build target 'Lab1'
compiling C_TEA.c...
compiling C_WRAPPER.c...
C_WRAPPER.c(9): error:  #165: too few arguments in function call
C_WRAPPER.c(10): error:  #165: too few arguments in function call
".\Objects\Lab1.axf" - 2 Errors, 0 Warning(s).
Target not created
Build target 'Lab1'
compiling C_WRAPPER.c...
linking...
Program Size: Code=1580 RO-data=440 RW-data=4 ZI-data=1636  
".\Objects\Lab1.axf" - 0 Errors, 0 Warning(s).
Build target 'Lab1'
compiling C_TEA.c...
compiling C_WRAPPER.c...
linking...
Program Size: Code=1672 RO-data=440 RW-data=4 ZI-data=1636  
".\Objects\Lab1.axf" - 0 Errors, 0 Warning(s).
Build target 'Lab1'
compiling C_TEA.c...
linking...
Program Size: Code=1656 RO-data=440 RW-data=4 ZI-data=1636  
".\Objects\Lab1.axf" - 0 Errors, 0 Warning(s).
Build target 'Lab1'
compiling C_TEA.c...
C_TEA.c(43): error:  #144: a value of type "int" cannot be used to initialize an entity of type "unsigned int *"
".\Objects\Lab1.axf" - 1 Errors, 0 Warning(s).
Target not created
Build target 'Lab1'
compiling C_TEA.c...
C_TEA.c(43): error:  #144: a value of type "unsigned int" cannot be used to initialize an entity of type "unsigned int *"
".\Objects\Lab1.axf" - 1 Errors, 0 Warning(s).
Target not created
Build target 'Lab1'
compiling C_TEA.c...
linking...
Program Size: Code=968 RO-data=424 RW-data=0 ZI-data=1632  
".\Objects\Lab1.axf" - 0 Errors, 0 Warning(s).
Build target 'Lab1'
linking...
Program Size: Code=968 RO-data=424 RW-data=0 ZI-data=1632  
".\Objects\Lab1.axf" - 0 Errors, 0 Warning(s).
Build target 'Lab1'
compiling C_WRAPPER.c...
C_WRAPPER.c(10): error:  #167: argument of type "int" is incompatible with parameter of type "char *"
".\Objects\Lab1.axf" - 1 Errors, 0 Warning(s).
Target not created
Build target 'Lab1'
compiling C_WRAPPER.c...
linking...
Program Size: Code=972 RO-data=424 RW-data=0 ZI-data=1632  
".\Objects\Lab1.axf" - 0 Errors, 0 Warning(s).
Build target 'Lab1'
compiling C_TEA.c...
linking...
Program Size: Code=972 RO-data=424 RW-data=0 ZI-data=1632  
".\Objects\Lab1.axf" - 0 Errors, 0 Warning(s).
Build target 'Lab1'
compiling C_TEA.c...
linking...
Program Size: Code=972 RO-data=424 RW-data=0 ZI-data=1632  
".\Objects\Lab1.axf" - 0 Errors, 0 Warning(s).
Build target 'Lab1'
compiling C_TEA.c...
C_TEA.c(35): error:  #167: argument of type "char *" is incompatible with parameter of type "unsigned int *"
C_TEA.c(38): error:  #120: return value type does not match the function type
".\Objects\Lab1.axf" - 2 Errors, 0 Warning(s).
Target not created
Build target 'Lab1'
compiling C_TEA.c...
C_TEA.c(38): error:  #120: return value type does not match the function type
".\Objects\Lab1.axf" - 1 Errors, 0 Warning(s).
Target not created
Build target 'Lab1'
compiling C_TEA.c...
linking...
Program Size: Code=968 RO-data=424 RW-data=0 ZI-data=1632  
".\Objects\Lab1.axf" - 0 Errors, 0 Warning(s).
Build target 'Lab1'
compiling C_WRAPPER.c...
linking...
Program Size: Code=968 RO-data=424 RW-data=0 ZI-data=1632  
".\Objects\Lab1.axf" - 0 Errors, 0 Warning(s).
Build target 'Lab1'
linking...
Program Size: Code=968 RO-data=424 RW-data=0 ZI-data=1632  
".\Objects\Lab1.axf" - 0 Errors, 0 Warning(s).
Build target 'Lab1'
compiling C_TEA.c...
linking...
Program Size: Code=968 RO-data=424 RW-data=0 ZI-data=1632  
".\Objects\Lab1.axf" - 0 Errors, 0 Warning(s).
Build target 'Lab1'
compiling C_TEA.c...
linking...
Program Size: Code=968 RO-data=424 RW-data=0 ZI-data=1632  
".\Objects\Lab1.axf" - 0 Errors, 0 Warning(s).
Build target 'Lab1'
compiling C_TEA.c...
linking...
Program Size: Code=968 RO-data=424 RW-data=0 ZI-data=1632  
".\Objects\Lab1.axf" - 0 Errors, 0 Warning(s).
Build target 'Lab1'
compiling C_TEA.c...
linking...
Program Size: Code=968 RO-data=424 RW-data=0 ZI-data=1632  
".\Objects\Lab1.axf" - 0 Errors, 0 Warning(s).
Build target 'Lab1'
assembling startup_stm32f40xx.s...
linking...
Program Size: Code=972 RO-data=424 RW-data=0 ZI-data=1632  
".\Objects\Lab1.axf" - 0 Errors, 0 Warning(s).
Build target 'Lab1'
assembling startup_stm32f40xx.s...
linking...
Program Size: Code=976 RO-data=424 RW-data=0 ZI-data=1632  
".\Objects\Lab1.axf" - 0 Errors, 0 Warning(s).
Build target 'Lab1'
assembling startup_stm32f40xx.s...
linking...
Program Size: Code=968 RO-data=424 RW-data=0 ZI-data=1632  
".\Objects\Lab1.axf" - 0 Errors, 0 Warning(s).
Build target 'Lab1'
linking...
Program Size: Code=968 RO-data=424 RW-data=0 ZI-data=1632  
".\Objects\Lab1.axf" - 0 Errors, 0 Warning(s).
Build target 'Lab1'
assembling startup_stm32f40xx.s...
linking...
Program Size: Code=972 RO-data=424 RW-data=0 ZI-data=1632  
".\Objects\Lab1.axf" - 0 Errors, 0 Warning(s).
Build target 'Lab1'
compiling C_TEA.c...
C_TEA.c(44): error:  #167: argument of type "int" is incompatible with parameter of type "void *restrict"
C_TEA.c(44): error:  #167: argument of type "int" is incompatible with parameter of type "const void *restrict"
".\Objects\Lab1.axf" - 2 Errors, 0 Warning(s).
Target not created
Build target 'Lab1'
compiling C_TEA.c...
C_TEA.c(44): error:  #167: argument of type "int" is incompatible with parameter of type "const void *restrict"
".\Objects\Lab1.axf" - 1 Errors, 0 Warning(s).
Target not created
Build target 'Lab1'
compiling C_TEA.c...
linking...
Program Size: Code=1220 RO-data=424 RW-data=0 ZI-data=1632  
".\Objects\Lab1.axf" - 0 Errors, 0 Warning(s).
Build target 'Lab1'
compiling C_TEA.c...
linking...
Program Size: Code=1224 RO-data=424 RW-data=0 ZI-data=1632  
".\Objects\Lab1.axf" - 0 Errors, 0 Warning(s).
Build target 'Lab1'
compiling C_TEA.c...
linking...
Program Size: Code=1224 RO-data=424 RW-data=0 ZI-data=1632  
".\Objects\Lab1.axf" - 0 Errors, 0 Warning(s).
Build target 'Lab1'
compiling C_TEA.c...
linking...
Program Size: Code=1224 RO-data=424 RW-data=0 ZI-data=1632  
".\Objects\Lab1.axf" - 0 Errors, 0 Warning(s).
Build target 'Lab1'
compiling C_TEA.c...
linking...
Program Size: Code=1224 RO-data=424 RW-data=0 ZI-data=1632  
".\Objects\Lab1.axf" - 0 Errors, 0 Warning(s).
Build target 'Lab1'
compiling C_TEA.c...
linking...
Program Size: Code=1224 RO-data=424 RW-data=0 ZI-data=1632  
".\Objects\Lab1.axf" - 0 Errors, 0 Warning(s).
Build target 'Lab1'
linking...
Program Size: Code=1224 RO-data=424 RW-data=0 ZI-data=1632  
".\Objects\Lab1.axf" - 0 Errors, 0 Warning(s).
Build target 'Lab1'
compiling C_TEA.c...
C_TEA.c(50): error:  #120: return value type does not match the function type
".\Objects\Lab1.axf" - 1 Errors, 0 Warning(s).
Target not created
Rebuild target 'Lab1'
assembling startup_stm32f40xx.s...
assembling ASM_TEA.s...
compiling C_TEA.c...
compiling C_WRAPPER.c...
linking...
Program Size: Code=1220 RO-data=424 RW-data=0 ZI-data=1632  
".\Objects\Lab1.axf" - 0 Errors, 0 Warning(s).
Build target 'Lab1'
compiling C_WRAPPER.c...
linking...
Program Size: Code=1252 RO-data=424 RW-data=0 ZI-data=1632  
".\Objects\Lab1.axf" - 0 Errors, 0 Warning(s).
Build target 'Lab1'
compiling C_WRAPPER.c...
linking...
Program Size: Code=1252 RO-data=424 RW-data=0 ZI-data=1632  
".\Objects\Lab1.axf" - 0 Errors, 0 Warning(s).
Build target 'Lab1'
compiling C_WRAPPER.c...
linking...
Program Size: Code=1252 RO-data=424 RW-data=0 ZI-data=1632  
".\Objects\Lab1.axf" - 0 Errors, 0 Warning(s).
Build target 'Lab1'
compiling C_WRAPPER.c...
linking...
Program Size: Code=1252 RO-data=424 RW-data=0 ZI-data=1632  
".\Objects\Lab1.axf" - 0 Errors, 0 Warning(s).
Build target 'Lab1'
compiling C_TEA.c...
compiling C_WRAPPER.c...
linking...
Program Size: Code=1252 RO-data=424 RW-data=0 ZI-data=1632  
".\Objects\Lab1.axf" - 0 Errors, 0 Warning(s).
Build target 'Lab1'
compiling C_TEA.c...
compiling C_WRAPPER.c...
linking...
Program Size: Code=1252 RO-data=424 RW-data=0 ZI-data=1632  
".\Objects\Lab1.axf" - 0 Errors, 0 Warning(s).
Build target 'Lab1'
compiling C_WRAPPER.c...
linking...
Program Size: Code=1248 RO-data=424 RW-data=0 ZI-data=1632  
".\Objects\Lab1.axf" - 0 Errors, 0 Warning(s).
